Archive member included to satisfy reference by file (symbol)

c:/st/stm32cubeide_1.12.1/stm32cubeide/plugins/com.st.stm32cube.ide.mcu.externaltools.gnu-tools-for-stm32.10.3-2021.10.win32_1.0.200.202301161003/tools/bin/../lib/gcc/arm-none-eabi/10.3.1/../../../../arm-none-eabi/lib/thumb/v7e-m+fp/hard\libc_nano.a(lib_a-errno.o)
                              ./Core/Src/syscalls.o (__errno)
c:/st/stm32cubeide_1.12.1/stm32cubeide/plugins/com.st.stm32cube.ide.mcu.externaltools.gnu-tools-for-stm32.10.3-2021.10.win32_1.0.200.202301161003/tools/bin/../lib/gcc/arm-none-eabi/10.3.1/../../../../arm-none-eabi/lib/thumb/v7e-m+fp/hard\libc_nano.a(lib_a-exit.o)
                              c:/st/stm32cubeide_1.12.1/stm32cubeide/plugins/com.st.stm32cube.ide.mcu.externaltools.gnu-tools-for-stm32.10.3-2021.10.win32_1.0.200.202301161003/tools/bin/../lib/gcc/arm-none-eabi/10.3.1/../../../../arm-none-eabi/lib/thumb/v7e-m+fp/hard/crt0.o (exit)
c:/st/stm32cubeide_1.12.1/stm32cubeide/plugins/com.st.stm32cube.ide.mcu.externaltools.gnu-tools-for-stm32.10.3-2021.10.win32_1.0.200.202301161003/tools/bin/../lib/gcc/arm-none-eabi/10.3.1/../../../../arm-none-eabi/lib/thumb/v7e-m+fp/hard\libc_nano.a(lib_a-impure.o)
                              c:/st/stm32cubeide_1.12.1/stm32cubeide/plugins/com.st.stm32cube.ide.mcu.externaltools.gnu-tools-for-stm32.10.3-2021.10.win32_1.0.200.202301161003/tools/bin/../lib/gcc/arm-none-eabi/10.3.1/../../../../arm-none-eabi/lib/thumb/v7e-m+fp/hard\libc_nano.a(lib_a-exit.o) (_global_impure_ptr)
c:/st/stm32cubeide_1.12.1/stm32cubeide/plugins/com.st.stm32cube.ide.mcu.externaltools.gnu-tools-for-stm32.10.3-2021.10.win32_1.0.200.202301161003/tools/bin/../lib/gcc/arm-none-eabi/10.3.1/../../../../arm-none-eabi/lib/thumb/v7e-m+fp/hard\libc_nano.a(lib_a-init.o)
                              c:/st/stm32cubeide_1.12.1/stm32cubeide/plugins/com.st.stm32cube.ide.mcu.externaltools.gnu-tools-for-stm32.10.3-2021.10.win32_1.0.200.202301161003/tools/bin/../lib/gcc/arm-none-eabi/10.3.1/../../../../arm-none-eabi/lib/thumb/v7e-m+fp/hard/crt0.o (__libc_init_array)
c:/st/stm32cubeide_1.12.1/stm32cubeide/plugins/com.st.stm32cube.ide.mcu.externaltools.gnu-tools-for-stm32.10.3-2021.10.win32_1.0.200.202301161003/tools/bin/../lib/gcc/arm-none-eabi/10.3.1/../../../../arm-none-eabi/lib/thumb/v7e-m+fp/hard\libc_nano.a(lib_a-memcpy-stub.o)
                              ./Middlewares/Third_Party/FreeRTOS/Source/CMSIS_RTOS_V2/cmsis_os2.o (memcpy)
c:/st/stm32cubeide_1.12.1/stm32cubeide/plugins/com.st.stm32cube.ide.mcu.externaltools.gnu-tools-for-stm32.10.3-2021.10.win32_1.0.200.202301161003/tools/bin/../lib/gcc/arm-none-eabi/10.3.1/../../../../arm-none-eabi/lib/thumb/v7e-m+fp/hard\libc_nano.a(lib_a-memset.o)
                              c:/st/stm32cubeide_1.12.1/stm32cubeide/plugins/com.st.stm32cube.ide.mcu.externaltools.gnu-tools-for-stm32.10.3-2021.10.win32_1.0.200.202301161003/tools/bin/../lib/gcc/arm-none-eabi/10.3.1/../../../../arm-none-eabi/lib/thumb/v7e-m+fp/hard/crt0.o (memset)

Discarded input sections

 .text          0x0000000000000000        0x0 c:/st/stm32cubeide_1.12.1/stm32cubeide/plugins/com.st.stm32cube.ide.mcu.externaltools.gnu-tools-for-stm32.10.3-2021.10.win32_1.0.200.202301161003/tools/bin/../lib/gcc/arm-none-eabi/10.3.1/thumb/v7e-m+fp/hard/crti.o
 .data          0x0000000000000000        0x0 c:/st/stm32cubeide_1.12.1/stm32cubeide/plugins/com.st.stm32cube.ide.mcu.externaltools.gnu-tools-for-stm32.10.3-2021.10.win32_1.0.200.202301161003/tools/bin/../lib/gcc/arm-none-eabi/10.3.1/thumb/v7e-m+fp/hard/crti.o
 .bss           0x0000000000000000        0x0 c:/st/stm32cubeide_1.12.1/stm32cubeide/plugins/com.st.stm32cube.ide.mcu.externaltools.gnu-tools-for-stm32.10.3-2021.10.win32_1.0.200.202301161003/tools/bin/../lib/gcc/arm-none-eabi/10.3.1/thumb/v7e-m+fp/hard/crti.o
 .data          0x0000000000000000        0x4 c:/st/stm32cubeide_1.12.1/stm32cubeide/plugins/com.st.stm32cube.ide.mcu.externaltools.gnu-tools-for-stm32.10.3-2021.10.win32_1.0.200.202301161003/tools/bin/../lib/gcc/arm-none-eabi/10.3.1/thumb/v7e-m+fp/hard/crtbegin.o
 .rodata        0x0000000000000000       0x24 c:/st/stm32cubeide_1.12.1/stm32cubeide/plugins/com.st.stm32cube.ide.mcu.externaltools.gnu-tools-for-stm32.10.3-2021.10.win32_1.0.200.202301161003/tools/bin/../lib/gcc/arm-none-eabi/10.3.1/thumb/v7e-m+fp/hard/crtbegin.o
 .text          0x0000000000000000       0x7c c:/st/stm32cubeide_1.12.1/stm32cubeide/plugins/com.st.stm32cube.ide.mcu.externaltools.gnu-tools-for-stm32.10.3-2021.10.win32_1.0.200.202301161003/tools/bin/../lib/gcc/arm-none-eabi/10.3.1/../../../../arm-none-eabi/lib/thumb/v7e-m+fp/hard/crt0.o
 .data          0x0000000000000000        0x0 c:/st/stm32cubeide_1.12.1/stm32cubeide/plugins/com.st.stm32cube.ide.mcu.externaltools.gnu-tools-for-stm32.10.3-2021.10.win32_1.0.200.202301161003/tools/bin/../lib/gcc/arm-none-eabi/10.3.1/../../../../arm-none-eabi/lib/thumb/v7e-m+fp/hard/crt0.o
[...]
Memory Configuration

Name             Origin             Length             Attributes
RAM              0x0000000020000000 0x0000000000018000 xrw
RAM2             0x0000000010000000 0x0000000000008000 xrw
FLASH            0x0000000008000000 0x0000000000100000 xr
*default*        0x0000000000000000 0xffffffffffffffff

Linker script and memory map

LOAD c:/st/stm32cubeide_1.12.1/stm32cubeide/plugins/com.st.stm32cube.ide.mcu.externaltools.gnu-tools-for-stm32.10.3-2021.10.win32_1.0.200.202301161003/tools/bin/../lib/gcc/arm-none-eabi/10.3.1/thumb/v7e-m+fp/hard/crti.o
LOAD c:/st/stm32cubeide_1.12.1/stm32cubeide/plugins/com.st.stm32cube.ide.mcu.externaltools.gnu-tools-for-stm32.10.3-2021.10.win32_1.0.200.202301161003/tools/bin/../lib/gcc/arm-none-eabi/10.3.1/thumb/v7e-m+fp/hard/crtbegin.o
LOAD c:/st/stm32cubeide_1.12.1/stm32cubeide/plugins/com.st.stm32cube.ide.mcu.externaltools.gnu-tools-for-stm32.10.3-2021.10.win32_1.0.200.202301161003/tools/bin/../lib/gcc/arm-none-eabi/10.3.1/../../../../arm-none-eabi/lib/thumb/v7e-m+fp/hard/crt0.o
LOAD ./Core/Src/freertos.o
LOAD ./Core/Src/main.o
LOAD ./Core/Src/stm32l4xx_hal_msp.o
LOAD ./Core/Src/stm32l4xx_hal_timebase_tim.o
LOAD ./Core/Src/stm32l4xx_it.o
LOAD ./Core/Src/syscalls.o
LOAD ./Core/Src/sysmem.o
LOAD ./Core/Src/system_stm32l4xx.o
LOAD ./Core/Startup/startup_stm32l486zgtx.o
LOAD ./Drivers/STM32L4xx_HAL_Driver/Src/stm32l4xx_hal.o
LOAD ./Drivers/STM32L4xx_HAL_Driver/Src/stm32l4xx_hal_cortex.o
LOAD ./Drivers/STM32L4xx_HAL_Driver/Src/stm32l4xx_hal_dma.o
LOAD ./Drivers/STM32L4xx_HAL_Driver/Src/stm32l4xx_hal_dma_ex.o
LOAD ./Drivers/STM32L4xx_HAL_Driver/Src/stm32l4xx_hal_exti.o
LOAD ./Drivers/STM32L4xx_HAL_Driver/Src/stm32l4xx_hal_flash.o
LOAD ./Drivers/STM32L4xx_HAL_Driver/Src/stm32l4xx_hal_flash_ex.o
LOAD ./Drivers/STM32L4xx_HAL_Driver/Src/stm32l4xx_hal_flash_ramfunc.o
LOAD ./Drivers/STM32L4xx_HAL_Driver/Src/stm32l4xx_hal_gpio.o
LOAD ./Drivers/STM32L4xx_HAL_Driver/Src/stm32l4xx_hal_i2c.o
LOAD ./Drivers/STM32L4xx_HAL_Driver/Src/stm32l4xx_hal_i2c_ex.o
LOAD ./Drivers/STM32L4xx_HAL_Driver/Src/stm32l4xx_hal_pwr.o
LOAD ./Drivers/STM32L4xx_HAL_Driver/Src/stm32l4xx_hal_pwr_ex.o
LOAD ./Drivers/STM32L4xx_HAL_Driver/Src/stm32l4xx_hal_rcc.o
LOAD ./Drivers/STM32L4xx_HAL_Driver/Src/stm32l4xx_hal_rcc_ex.o
LOAD ./Drivers/STM32L4xx_HAL_Driver/Src/stm32l4xx_hal_sd.o
LOAD ./Drivers/STM32L4xx_HAL_Driver/Src/stm32l4xx_hal_sd_ex.o
LOAD ./Drivers/STM32L4xx_HAL_Driver/Src/stm32l4xx_hal_tim.o
LOAD ./Drivers/STM32L4xx_HAL_Driver/Src/stm32l4xx_hal_tim_ex.o
LOAD ./Drivers/STM32L4xx_HAL_Driver/Src/stm32l4xx_ll_sdmmc.o
LOAD ./FATFS/App/fatfs.o
LOAD ./FATFS/Target/bsp_driver_sd.o
LOAD ./FATFS/Target/sd_diskio.o
LOAD ./Middlewares/Third_Party/FatFs/src/diskio.o
LOAD ./Middlewares/Third_Party/FatFs/src/ff.o
LOAD ./Middlewares/Third_Party/FatFs/src/ff_gen_drv.o
LOAD ./Middlewares/Third_Party/FatFs/src/option/syscall.o
LOAD ./Middlewares/Third_Party/FreeRTOS/Source/CMSIS_RTOS_V2/cmsis_os2.o
LOAD ./Middlewares/Third_Party/FreeRTOS/Source/croutine.o
LOAD ./Middlewares/Third_Party/FreeRTOS/Source/event_groups.o
LOAD ./Middlewares/Third_Party/FreeRTOS/Source/list.o
LOAD ./Middlewares/Third_Party/FreeRTOS/Source/queue.o
LOAD ./Middlewares/Third_Party/FreeRTOS/Source/stream_buffer.o
LOAD ./Middlewares/Third_Party/FreeRTOS/Source/tasks.o
LOAD ./Middlewares/Third_Party/FreeRTOS/Source/timers.o
LOAD ./Middlewares/Third_Party/FreeRTOS/Source/portable/GCC/ARM_CM4F/port.o
LOAD ./Middlewares/Third_Party/FreeRTOS/Source/portable/MemMang/heap_4.o
START GROUP
LOAD c:/st/stm32cubeide_1.12.1/stm32cubeide/plugins/com.st.stm32cube.ide.mcu.externaltools.gnu-tools-for-stm32.10.3-2021.10.win32_1.0.200.202301161003/tools/bin/../lib/gcc/arm-none-eabi/10.3.1/../../../../arm-none-eabi/lib/thumb/v7e-m+fp/hard\libc_nano.a
LOAD c:/st/stm32cubeide_1.12.1/stm32cubeide/plugins/com.st.stm32cube.ide.mcu.externaltools.gnu-tools-for-stm32.10.3-2021.10.win32_1.0.200.202301161003/tools/bin/../lib/gcc/arm-none-eabi/10.3.1/../../../../arm-none-eabi/lib/thumb/v7e-m+fp/hard\libm.a
END GROUP
START GROUP
LOAD c:/st/stm32cubeide_1.12.1/stm32cubeide/plugins/com.st.stm32cube.ide.mcu.externaltools.gnu-tools-for-stm32.10.3-2021.10.win32_1.0.200.202301161003/tools/bin/../lib/gcc/arm-none-eabi/10.3.1/thumb/v7e-m+fp/hard\libgcc.a
LOAD c:/st/stm32cubeide_1.12.1/stm32cubeide/plugins/com.st.stm32cube.ide.mcu.externaltools.gnu-tools-for-stm32.10.3-2021.10.win32_1.0.200.202301161003/tools/bin/../lib/gcc/arm-none-eabi/10.3.1/../../../../arm-none-eabi/lib/thumb/v7e-m+fp/hard\libc_nano.a
END GROUP
START GROUP
LOAD c:/st/stm32cubeide_1.12.1/stm32cubeide/plugins/com.st.stm32cube.ide.mcu.externaltools.gnu-tools-for-stm32.10.3-2021.10.win32_1.0.200.202301161003/tools/bin/../lib/gcc/arm-none-eabi/10.3.1/thumb/v7e-m+fp/hard\libgcc.a
LOAD c:/st/stm32cubeide_1.12.1/stm32cubeide/plugins/com.st.stm32cube.ide.mcu.externaltools.gnu-tools-for-stm32.10.3-2021.10.win32_1.0.200.202301161003/tools/bin/../lib/gcc/arm-none-eabi/10.3.1/../../../../arm-none-eabi/lib/thumb/v7e-m+fp/hard\libc_nano.a
LOAD c:/st/stm32cubeide_1.12.1/stm32cubeide/plugins/com.st.stm32cube.ide.mcu.externaltools.gnu-tools-for-stm32.10.3-2021.10.win32_1.0.200.202301161003/tools/bin/../lib/gcc/arm-none-eabi/10.3.1/../../../../arm-none-eabi/lib/thumb/v7e-m+fp/hard\libnosys.a
END GROUP
START GROUP
LOAD c:/st/stm32cubeide_1.12.1/stm32cubeide/plugins/com.st.stm32cube.ide.mcu.externaltools.gnu-tools-for-stm32.10.3-2021.10.win32_1.0.200.202301161003/tools/bin/../lib/gcc/arm-none-eabi/10.3.1/thumb/v7e-m+fp/hard\libgcc.a
LOAD c:/st/stm32cubeide_1.12.1/stm32cubeide/plugins/com.st.stm32cube.ide.mcu.externaltools.gnu-tools-for-stm32.10.3-2021.10.win32_1.0.200.202301161003/tools/bin/../lib/gcc/arm-none-eabi/10.3.1/../../../../arm-none-eabi/lib/thumb/v7e-m+fp/hard\libc_nano.a
LOAD c:/st/stm32cubeide_1.12.1/stm32cubeide/plugins/com.st.stm32cube.ide.mcu.externaltools.gnu-tools-for-stm32.10.3-2021.10.win32_1.0.200.202301161003/tools/bin/../lib/gcc/arm-none-eabi/10.3.1/../../../../arm-none-eabi/lib/thumb/v7e-m+fp/hard\libnosys.a
END GROUP
LOAD c:/st/stm32cubeide_1.12.1/stm32cubeide/plugins/com.st.stm32cube.ide.mcu.externaltools.gnu-tools-for-stm32.10.3-2021.10.win32_1.0.200.202301161003/tools/bin/../lib/gcc/arm-none-eabi/10.3.1/thumb/v7e-m+fp/hard/crtend.o
LOAD c:/st/stm32cubeide_1.12.1/stm32cubeide/plugins/com.st.stm32cube.ide.mcu.externaltools.gnu-tools-for-stm32.10.3-2021.10.win32_1.0.200.202301161003/tools/bin/../lib/gcc/arm-none-eabi/10.3.1/thumb/v7e-m+fp/hard/crtn.o
                0x0000000020018000                _estack = (ORIGIN (RAM) + LENGTH (RAM))
                0x0000000000000200                _Min_Heap_Size = 0x200
                0x0000000000000400                _Min_Stack_Size = 0x400

.isr_vector     0x0000000008000000      0x188
                0x0000000008000000                . = ALIGN (0x4)
 *(.isr_vector)
 .isr_vector    0x0000000008000000      0x188 ./Core/Startup/startup_stm32l486zgtx.o
                0x0000000008000000                g_pfnVectors
                0x0000000008000188                . = ALIGN (0x4)

.text           0x0000000008000190     0xaf68
                0x0000000008000190                . = ALIGN (0x4)
 *(.text)
 .text          0x0000000008000190       0x40 c:/st/stm32cubeide_1.12.1/stm32cubeide/plugins/com.st.stm32cube.ide.mcu.externaltools.gnu-tools-for-stm32.10.3-2021.10.win32_1.0.200.202301161003/tools/bin/../lib/gcc/arm-none-eabi/10.3.1/thumb/v7e-m+fp/hard/crtbegin.o
 *(.text*)
 .text.main     0x00000000080001d0       0x44 ./Core/Src/main.o
                0x00000000080001d0                main
 .text.SystemClock_Config
                0x0000000008000214       0x9e ./Core/Src/main.o
                0x0000000008000214                SystemClock_Config
 *fill*         0x00000000080002b2        0x2 
 .text.MX_SDMMC1_SD_Init
                0x00000000080002b4       0x40 ./Core/Src/main.o
 .text.MX_DMA_Init
                0x00000000080002f4       0x3c ./Core/Src/main.o
 .text.MX_GPIO_Init
                0x0000000008000330       0x60 ./Core/Src/main.o
 .text.StartDefaultTask
                0x0000000008000390       0x40 ./Core/Src/main.o
                0x0000000008000390                StartDefaultTask
 .text.HAL_TIM_PeriodElapsedCallback
                0x00000000080003d0       0x24 ./Core/Src/main.o
                0x00000000080003d0                HAL_TIM_PeriodElapsedCallback
 .text.Error_Handler
                0x00000000080003f4        0xa ./Core/Src/main.o
                0x00000000080003f4                Error_Handler
 *fill*         0x00000000080003fe        0x2 
 .text.HAL_MspInit
                0x0000000008000400       0x50 ./Core/Src/stm32l4xx_hal_msp.o
                0x0000000008000400                HAL_MspInit
 .text.HAL_SD_MspInit
                0x0000000008000450      0x1d0 ./Core/Src/stm32l4xx_hal_msp.o
                0x0000000008000450                HAL_SD_MspInit
 .text.HAL_InitTick
                0x0000000008000620       0xf4 ./Core/Src/stm32l4xx_hal_timebase_tim.o
                0x0000000008000620                HAL_InitTick
 .text.NMI_Handler
                0x0000000008000714        0x6 ./Core/Src/stm32l4xx_it.o
                0x0000000008000714                NMI_Handler
 .text.HardFault_Handler
                0x000000000800071a        0x6 ./Core/Src/stm32l4xx_it.o
                0x000000000800071a                HardFault_Handler
 .text.MemManage_Handler
                0x0000000008000720        0x6 ./Core/Src/stm32l4xx_it.o
                0x0000000008000720                MemManage_Handler
 .text.BusFault_Handler
                0x0000000008000726        0x6 ./Core/Src/stm32l4xx_it.o
                0x0000000008000726                BusFault_Handler
 .text.UsageFault_Handler
                0x000000000800072c        0x6 ./Core/Src/stm32l4xx_it.o
                0x000000000800072c                UsageFault_Handler
 .text.DebugMon_Handler
                0x0000000008000732        0xe ./Core/Src/stm32l4xx_it.o
                0x0000000008000732                DebugMon_Handler
 .text.SDMMC1_IRQHandler
                0x0000000008000740       0x14 ./Core/Src/stm32l4xx_it.o
                0x0000000008000740                SDMMC1_IRQHandler
 .text.TIM6_DAC_IRQHandler
                0x0000000008000754       0x14 ./Core/Src/stm32l4xx_it.o
                0x0000000008000754                TIM6_DAC_IRQHandler
 .text.DMA2_Channel4_IRQHandler
                0x0000000008000768       0x40 ./Core/Src/stm32l4xx_it.o
                0x0000000008000768                DMA2_Channel4_IRQHandler
 .text.SystemInit
                0x00000000080007a8       0x24 ./Core/Src/system_stm32l4xx.o
                0x00000000080007a8                SystemInit
 .text.Reset_Handler
                0x00000000080007cc       0x50 ./Core/Startup/startup_stm32l486zgtx.o
                0x00000000080007cc                Reset_Handler
 .text.Default_Handler
                0x000000000800081c        0x2 ./Core/Startup/startup_stm32l486zgtx.o
                0x000000000800081c                RTC_Alarm_IRQHandler
                0x000000000800081c                EXTI2_IRQHandler
                0x000000000800081c                TIM8_TRG_COM_IRQHandler
                0x000000000800081c                TIM8_CC_IRQHandler
                0x000000000800081c                TIM1_CC_IRQHandler
                0x000000000800081c                TSC_IRQHandler
                0x000000000800081c                TAMP_STAMP_IRQHandler
                0x000000000800081c                EXTI3_IRQHandler
                0x000000000800081c                LPTIM2_IRQHandler
                0x000000000800081c                DFSDM1_FLT1_IRQHandler
                0x000000000800081c                I2C3_ER_IRQHandler
                0x000000000800081c                DFSDM1_FLT2_IRQHandler
                0x000000000800081c                EXTI0_IRQHandler
                0x000000000800081c                I2C2_EV_IRQHandler
                0x000000000800081c                CAN1_RX0_IRQHandler
                0x000000000800081c                FPU_IRQHandler
                0x000000000800081c                TIM1_UP_TIM16_IRQHandler
                0x000000000800081c                ADC1_2_IRQHandler
                0x000000000800081c                SPI1_IRQHandler
                0x000000000800081c                TIM8_UP_IRQHandler
                0x000000000800081c                DMA2_Channel2_IRQHandler
                0x000000000800081c                DMA1_Channel4_IRQHandler
                0x000000000800081c                SAI2_IRQHandler
                0x000000000800081c                DFSDM1_FLT3_IRQHandler
                0x000000000800081c                USART3_IRQHandler
                0x000000000800081c                DMA1_Channel7_IRQHandler
                0x000000000800081c                CAN1_RX1_IRQHandler
                0x000000000800081c                LCD_IRQHandler
                0x000000000800081c                UART5_IRQHandler
                0x000000000800081c                ADC3_IRQHandler
                0x000000000800081c                TIM4_IRQHandler
                0x000000000800081c                DMA2_Channel1_IRQHandler
                0x000000000800081c                QUADSPI_IRQHandler
                0x000000000800081c                I2C1_EV_IRQHandler
                0x000000000800081c                DMA1_Channel6_IRQHandler
                0x000000000800081c                UART4_IRQHandler
                0x000000000800081c                TIM3_IRQHandler
                0x000000000800081c                RCC_IRQHandler
                0x000000000800081c                DMA1_Channel1_IRQHandler
                0x000000000800081c                Default_Handler
                0x000000000800081c                DMA2_Channel7_IRQHandler
                0x000000000800081c                EXTI15_10_IRQHandler
                0x000000000800081c                TIM7_IRQHandler
                0x000000000800081c                TIM5_IRQHandler
                0x000000000800081c                I2C3_EV_IRQHandler
                0x000000000800081c                EXTI9_5_IRQHandler
                0x000000000800081c                RTC_WKUP_IRQHandler
                0x000000000800081c                PVD_PVM_IRQHandler
                0x000000000800081c                SPI2_IRQHandler
                0x000000000800081c                CAN1_TX_IRQHandler
                0x000000000800081c                DMA2_Channel5_IRQHandler
                0x000000000800081c                DMA1_Channel5_IRQHandler
                0x000000000800081c                EXTI4_IRQHandler
                0x000000000800081c                RNG_IRQHandler
                0x000000000800081c                TIM1_TRG_COM_TIM17_IRQHandler
                0x000000000800081c                DMA1_Channel3_IRQHandler
                0x000000000800081c                COMP_IRQHandler
                0x000000000800081c                WWDG_IRQHandler
                0x000000000800081c                LPUART1_IRQHandler
                0x000000000800081c                DMA2_Channel6_IRQHandler
                0x000000000800081c                TIM2_IRQHandler
                0x000000000800081c                EXTI1_IRQHandler
                0x000000000800081c                AES_IRQHandler
                0x000000000800081c                USART2_IRQHandler
                0x000000000800081c                DFSDM1_FLT0_IRQHandler
                0x000000000800081c                I2C2_ER_IRQHandler
                0x000000000800081c                DMA1_Channel2_IRQHandler
                0x000000000800081c                TIM8_BRK_IRQHandler
                0x000000000800081c                CAN1_SCE_IRQHandler
                0x000000000800081c                FLASH_IRQHandler
                0x000000000800081c                USART1_IRQHandler
                0x000000000800081c                OTG_FS_IRQHandler
                0x000000000800081c                SPI3_IRQHandler
                0x000000000800081c                I2C1_ER_IRQHandler
                0x000000000800081c                FMC_IRQHandler
                0x000000000800081c                SWPMI1_IRQHandler
                0x000000000800081c                LPTIM1_IRQHandler
                0x000000000800081c                SAI1_IRQHandler
                0x000000000800081c                DMA2_Channel3_IRQHandler
                0x000000000800081c                TIM1_BRK_TIM15_IRQHandler
 .text.HAL_Init
                0x000000000800081e       0x30 ./Drivers/STM32L4xx_HAL_Driver/Src/stm32l4xx_hal.o
                0x000000000800081e                HAL_Init
 *fill*         0x000000000800084e        0x2 
 .text.HAL_IncTick
                0x0000000008000850       0x28 ./Drivers/STM32L4xx_HAL_Driver/Src/stm32l4xx_hal.o
                0x0000000008000850                HAL_IncTick
 .text.HAL_GetTick
                0x0000000008000878       0x18 ./Drivers/STM32L4xx_HAL_Driver/Src/stm32l4xx_hal.o
                0x0000000008000878                HAL_GetTick
 .text.HAL_Delay
                0x0000000008000890       0x48 ./Drivers/STM32L4xx_HAL_Driver/Src/stm32l4xx_hal.o
                0x0000000008000890                HAL_Delay
 .text.__NVIC_SetPriorityGrouping
                0x00000000080008d8       0x48 ./Drivers/STM32L4xx_HAL_Driver/Src/stm32l4xx_hal_cortex.o
 .text.__NVIC_GetPriorityGrouping
                0x0000000008000920       0x1c ./Drivers/STM32L4xx_HAL_Driver/Src/stm32l4xx_hal_cortex.o
 .text.__NVIC_EnableIRQ
                0x000000000800093c       0x3c ./Drivers/STM32L4xx_HAL_Driver/Src/stm32l4xx_hal_cortex.o
 .text.__NVIC_SetPriority
                0x0000000008000978       0x54 ./Drivers/STM32L4xx_HAL_Driver/Src/stm32l4xx_hal_cortex.o
 .text.NVIC_EncodePriority
                0x00000000080009cc       0x66 ./Drivers/STM32L4xx_HAL_Driver/Src/stm32l4xx_hal_cortex.o
 .text.HAL_NVIC_SetPriorityGrouping
                0x0000000008000a32       0x16 ./Drivers/STM32L4xx_HAL_Driver/Src/stm32l4xx_hal_cortex.o
                0x0000000008000a32                HAL_NVIC_SetPriorityGrouping
 .text.HAL_NVIC_SetPriority
                0x0000000008000a48       0x38 ./Drivers/STM32L4xx_HAL_Driver/Src/stm32l4xx_hal_cortex.o
                0x0000000008000a48                HAL_NVIC_SetPriority
 .text.HAL_NVIC_EnableIRQ
                0x0000000008000a80       0x1c ./Drivers/STM32L4xx_HAL_Driver/Src/stm32l4xx_hal_cortex.o
                0x0000000008000a80                HAL_NVIC_EnableIRQ
 .text.HAL_DMA_Init
                0x0000000008000a9c      0x170 ./Drivers/STM32L4xx_HAL_Driver/Src/stm32l4xx_hal_dma.o
                0x0000000008000a9c                HAL_DMA_Init
 .text.HAL_DMA_DeInit
                0x0000000008000c0c      0x124 ./Drivers/STM32L4xx_HAL_Driver/Src/stm32l4xx_hal_dma.o
                0x0000000008000c0c                HAL_DMA_DeInit
 .text.HAL_DMA_Start_IT
                0x0000000008000d30       0xc0 ./Drivers/STM32L4xx_HAL_Driver/Src/stm32l4xx_hal_dma.o
                0x0000000008000d30                HAL_DMA_Start_IT
 .text.HAL_DMA_Abort
                0x0000000008000df0       0x7c ./Drivers/STM32L4xx_HAL_Driver/Src/stm32l4xx_hal_dma.o
                0x0000000008000df0                HAL_DMA_Abort
 .text.HAL_DMA_Abort_IT
                0x0000000008000e6c       0x82 ./Drivers/STM32L4xx_HAL_Driver/Src/stm32l4xx_hal_dma.o
                0x0000000008000e6c                HAL_DMA_Abort_IT
 .text.HAL_DMA_IRQHandler
                0x0000000008000eee      0x15e ./Drivers/STM32L4xx_HAL_Driver/Src/stm32l4xx_hal_dma.o
                0x0000000008000eee                HAL_DMA_IRQHandler
 .text.DMA_SetConfig
                0x000000000800104c       0x60 ./Drivers/STM32L4xx_HAL_Driver/Src/stm32l4xx_hal_dma.o
 .text.HAL_GPIO_Init
                0x00000000080010ac      0x354 ./Drivers/STM32L4xx_HAL_Driver/Src/stm32l4xx_hal_gpio.o
                0x00000000080010ac                HAL_GPIO_Init
 .text.HAL_PWREx_GetVoltageRange
                0x0000000008001400       0x1c ./Drivers/STM32L4xx_HAL_Driver/Src/stm32l4xx_hal_pwr_ex.o
                0x0000000008001400                HAL_PWREx_GetVoltageRange
 .text.HAL_PWREx_ControlVoltageScaling
                0x000000000800141c       0xac ./Drivers/STM32L4xx_HAL_Driver/Src/stm32l4xx_hal_pwr_ex.o
                0x000000000800141c                HAL_PWREx_ControlVoltageScaling
 .text.HAL_RCC_OscConfig
                0x00000000080014c8      0x7b8 ./Drivers/STM32L4xx_HAL_Driver/Src/stm32l4xx_hal_rcc.o
                0x00000000080014c8                HAL_RCC_OscConfig
 .text.HAL_RCC_ClockConfig
                0x0000000008001c80      0x200 ./Drivers/STM32L4xx_HAL_Driver/Src/stm32l4xx_hal_rcc.o
                0x0000000008001c80                HAL_RCC_ClockConfig
 .text.HAL_RCC_GetSysClockFreq
                0x0000000008001e80      0x118 ./Drivers/STM32L4xx_HAL_Driver/Src/stm32l4xx_hal_rcc.o
                0x0000000008001e80                HAL_RCC_GetSysClockFreq
 .text.HAL_RCC_GetHCLKFreq
                0x0000000008001f98       0x18 ./Drivers/STM32L4xx_HAL_Driver/Src/stm32l4xx_hal_rcc.o
                0x0000000008001f98                HAL_RCC_GetHCLKFreq
 .text.HAL_RCC_GetPCLK1Freq
                0x0000000008001fb0       0x2c ./Drivers/STM32L4xx_HAL_Driver/Src/stm32l4xx_hal_rcc.o
                0x0000000008001fb0                HAL_RCC_GetPCLK1Freq
 .text.HAL_RCC_GetPCLK2Freq
                0x0000000008001fdc       0x2c ./Drivers/STM32L4xx_HAL_Driver/Src/stm32l4xx_hal_rcc.o
                0x0000000008001fdc                HAL_RCC_GetPCLK2Freq
 .text.HAL_RCC_GetClockConfig
                0x0000000008002008       0x64 ./Drivers/STM32L4xx_HAL_Driver/Src/stm32l4xx_hal_rcc.o
                0x0000000008002008                HAL_RCC_GetClockConfig
 .text.RCC_SetFlashLatencyFromMSIRange
                0x000000000800206c       0xc0 ./Drivers/STM32L4xx_HAL_Driver/Src/stm32l4xx_hal_rcc.o
 .text.HAL_RCCEx_PeriphCLKConfig
                0x000000000800212c      0x5d4 ./Drivers/STM32L4xx_HAL_Driver/Src/stm32l4xx_hal_rcc_ex.o
                0x000000000800212c                HAL_RCCEx_PeriphCLKConfig
 .text.HAL_RCCEx_GetPeriphCLKFreq
                0x0000000008002700      0xadc ./Drivers/STM32L4xx_HAL_Driver/Src/stm32l4xx_hal_rcc_ex.o
                0x0000000008002700                HAL_RCCEx_GetPeriphCLKFreq
 .text.RCCEx_PLLSAI1_Config
                0x00000000080031dc      0x1e8 ./Drivers/STM32L4xx_HAL_Driver/Src/stm32l4xx_hal_rcc_ex.o
 .text.RCCEx_PLLSAI2_Config
                0x00000000080033c4      0x1bc ./Drivers/STM32L4xx_HAL_Driver/Src/stm32l4xx_hal_rcc_ex.o
 .text.RCCEx_GetSAIxPeriphCLKFreq
                0x0000000008003580      0x1e0 ./Drivers/STM32L4xx_HAL_Driver/Src/stm32l4xx_hal_rcc_ex.o
 .text.HAL_SD_Init
                0x0000000008003760       0x60 ./Drivers/STM32L4xx_HAL_Driver/Src/stm32l4xx_hal_sd.o
                0x0000000008003760                HAL_SD_Init
 .text.HAL_SD_InitCard
                0x00000000080037c0      0x14c ./Drivers/STM32L4xx_HAL_Driver/Src/stm32l4xx_hal_sd.o
                0x00000000080037c0                HAL_SD_InitCard
 .text.HAL_SD_ReadBlocks_DMA
                0x000000000800390c      0x190 ./Drivers/STM32L4xx_HAL_Driver/Src/stm32l4xx_hal_sd.o
                0x000000000800390c                HAL_SD_ReadBlocks_DMA
 .text.HAL_SD_WriteBlocks_DMA
                0x0000000008003a9c      0x198 ./Drivers/STM32L4xx_HAL_Driver/Src/stm32l4xx_hal_sd.o
                0x0000000008003a9c                HAL_SD_WriteBlocks_DMA
 .text.HAL_SD_IRQHandler
                0x0000000008003c34      0x2ec ./Drivers/STM32L4xx_HAL_Driver/Src/stm32l4xx_hal_sd.o
                0x0000000008003c34                HAL_SD_IRQHandler
 .text.HAL_SD_ErrorCallback
                0x0000000008003f20       0x14 ./Drivers/STM32L4xx_HAL_Driver/Src/stm32l4xx_hal_sd.o
                0x0000000008003f20                HAL_SD_ErrorCallback
 .text.HAL_SD_GetCardCSD
                0x0000000008003f34      0x348 ./Drivers/STM32L4xx_HAL_Driver/Src/stm32l4xx_hal_sd.o
                0x0000000008003f34                HAL_SD_GetCardCSD
 .text.HAL_SD_GetCardInfo
                0x000000000800427c       0x58 ./Drivers/STM32L4xx_HAL_Driver/Src/stm32l4xx_hal_sd.o
                0x000000000800427c                HAL_SD_GetCardInfo
 .text.HAL_SD_ConfigWideBusOperation
                0x00000000080042d4      0x178 ./Drivers/STM32L4xx_HAL_Driver/Src/stm32l4xx_hal_sd.o
                0x00000000080042d4                HAL_SD_ConfigWideBusOperation
 .text.HAL_SD_GetCardState
                0x000000000800444c       0x40 ./Drivers/STM32L4xx_HAL_Driver/Src/stm32l4xx_hal_sd.o
                0x000000000800444c                HAL_SD_GetCardState
 .text.SD_DMATransmitCplt
                0x000000000800448c       0x2a ./Drivers/STM32L4xx_HAL_Driver/Src/stm32l4xx_hal_sd.o
 .text.SD_DMAReceiveCplt
                0x00000000080044b6       0x70 ./Drivers/STM32L4xx_HAL_Driver/Src/stm32l4xx_hal_sd.o
 *fill*         0x0000000008004526        0x2 
 .text.SD_DMAError
                0x0000000008004528       0x98 ./Drivers/STM32L4xx_HAL_Driver/Src/stm32l4xx_hal_sd.o
 .text.SD_DMATxAbort
                0x00000000080045c0       0x6e ./Drivers/STM32L4xx_HAL_Driver/Src/stm32l4xx_hal_sd.o
 .text.SD_DMARxAbort
                0x000000000800462e       0x6e ./Drivers/STM32L4xx_HAL_Driver/Src/stm32l4xx_hal_sd.o
 .text.SD_InitCard
                0x000000000800469c      0x19c ./Drivers/STM32L4xx_HAL_Driver/Src/stm32l4xx_hal_sd.o
 .text.SD_PowerON
                0x0000000008004838      0x11c ./Drivers/STM32L4xx_HAL_Driver/Src/stm32l4xx_hal_sd.o
 .text.SD_SendStatus
                0x0000000008004954       0x50 ./Drivers/STM32L4xx_HAL_Driver/Src/stm32l4xx_hal_sd.o
 .text.SD_WideBus_Enable
                0x00000000080049a4       0x96 ./Drivers/STM32L4xx_HAL_Driver/Src/stm32l4xx_hal_sd.o
 .text.SD_WideBus_Disable
                0x0000000008004a3a       0x96 ./Drivers/STM32L4xx_HAL_Driver/Src/stm32l4xx_hal_sd.o
 .text.SD_FindSCR
                0x0000000008004ad0      0x194 ./Drivers/STM32L4xx_HAL_Driver/Src/stm32l4xx_hal_sd.o
 .text.SD_Read_IT
                0x0000000008004c64       0xa2 ./Drivers/STM32L4xx_HAL_Driver/Src/stm32l4xx_hal_sd.o
 .text.SD_Write_IT
                0x0000000008004d06       0xaa ./Drivers/STM32L4xx_HAL_Driver/Src/stm32l4xx_hal_sd.o
 .text.HAL_TIM_Base_Init
                0x0000000008004db0       0xae ./Drivers/STM32L4xx_HAL_Driver/Src/stm32l4xx_hal_tim.o
                0x0000000008004db0                HAL_TIM_Base_Init
 .text.HAL_TIM_Base_MspInit
                0x0000000008004e5e       0x14 ./Drivers/STM32L4xx_HAL_Driver/Src/stm32l4xx_hal_tim.o
                0x0000000008004e5e                HAL_TIM_Base_MspInit
 *fill*         0x0000000008004e72        0x2 
 .text.HAL_TIM_Base_Start_IT
                0x0000000008004e74       0xe0 ./Drivers/STM32L4xx_HAL_Driver/Src/stm32l4xx_hal_tim.o
                0x0000000008004e74                HAL_TIM_Base_Start_IT
 .text.HAL_TIM_IRQHandler
                0x0000000008004f54      0x23e ./Drivers/STM32L4xx_HAL_Driver/Src/stm32l4xx_hal_tim.o
                0x0000000008004f54                HAL_TIM_IRQHandler
 .text.HAL_TIM_OC_DelayElapsedCallback
                0x0000000008005192       0x14 ./Drivers/STM32L4xx_HAL_Driver/Src/stm32l4xx_hal_tim.o
                0x0000000008005192                HAL_TIM_OC_DelayElapsedCallback
 .text.HAL_TIM_IC_CaptureCallback
                0x00000000080051a6       0x14 ./Drivers/STM32L4xx_HAL_Driver/Src/stm32l4xx_hal_tim.o
                0x00000000080051a6                HAL_TIM_IC_CaptureCallback
 .text.HAL_TIM_PWM_PulseFinishedCallback
                0x00000000080051ba       0x14 ./Drivers/STM32L4xx_HAL_Driver/Src/stm32l4xx_hal_tim.o
                0x00000000080051ba                HAL_TIM_PWM_PulseFinishedCallback
 .text.HAL_TIM_TriggerCallback
                0x00000000080051ce       0x14 ./Drivers/STM32L4xx_HAL_Driver/Src/stm32l4xx_hal_tim.o
                0x00000000080051ce                HAL_TIM_TriggerCallback
 *fill*         0x00000000080051e2        0x2 
 .text.TIM_Base_SetConfig
                0x00000000080051e4      0x134 ./Drivers/STM32L4xx_HAL_Driver/Src/stm32l4xx_hal_tim.o
                0x00000000080051e4                TIM_Base_SetConfig
 .text.HAL_TIMEx_CommutCallback
                0x0000000008005318       0x14 ./Drivers/STM32L4xx_HAL_Driver/Src/stm32l4xx_hal_tim_ex.o
                0x0000000008005318                HAL_TIMEx_CommutCallback
 .text.HAL_TIMEx_BreakCallback
                0x000000000800532c       0x14 ./Drivers/STM32L4xx_HAL_Driver/Src/stm32l4xx_hal_tim_ex.o
                0x000000000800532c                HAL_TIMEx_BreakCallback
 .text.HAL_TIMEx_Break2Callback
                0x0000000008005340       0x14 ./Drivers/STM32L4xx_HAL_Driver/Src/stm32l4xx_hal_tim_ex.o
                0x0000000008005340                HAL_TIMEx_Break2Callback
 .text.SDMMC_Init
                0x0000000008005354       0x5a ./Drivers/STM32L4xx_HAL_Driver/Src/stm32l4xx_ll_sdmmc.o
                0x0000000008005354                SDMMC_Init
 .text.SDMMC_ReadFIFO
                0x00000000080053ae       0x1a ./Drivers/STM32L4xx_HAL_Driver/Src/stm32l4xx_ll_sdmmc.o
                0x00000000080053ae                SDMMC_ReadFIFO
 .text.SDMMC_WriteFIFO
                0x00000000080053c8       0x22 ./Drivers/STM32L4xx_HAL_Driver/Src/stm32l4xx_ll_sdmmc.o
                0x00000000080053c8                SDMMC_WriteFIFO
 .text.SDMMC_PowerState_ON
                0x00000000080053ea       0x1e ./Drivers/STM32L4xx_HAL_Driver/Src/stm32l4xx_ll_sdmmc.o
                0x00000000080053ea                SDMMC_PowerState_ON
 .text.SDMMC_GetPowerState
                0x0000000008005408       0x1c ./Drivers/STM32L4xx_HAL_Driver/Src/stm32l4xx_ll_sdmmc.o
                0x0000000008005408                SDMMC_GetPowerState
 .text.SDMMC_SendCommand
                0x0000000008005424       0x54 ./Drivers/STM32L4xx_HAL_Driver/Src/stm32l4xx_ll_sdmmc.o
                0x0000000008005424                SDMMC_SendCommand
 .text.SDMMC_GetCommandResponse
                0x0000000008005478       0x1a ./Drivers/STM32L4xx_HAL_Driver/Src/stm32l4xx_ll_sdmmc.o
                0x0000000008005478                SDMMC_GetCommandResponse
 .text.SDMMC_GetResponse
                0x0000000008005492       0x26 ./Drivers/STM32L4xx_HAL_Driver/Src/stm32l4xx_ll_sdmmc.o
                0x0000000008005492                SDMMC_GetResponse
 .text.SDMMC_ConfigData
                0x00000000080054b8       0x58 ./Drivers/STM32L4xx_HAL_Driver/Src/stm32l4xx_ll_sdmmc.o
                0x00000000080054b8                SDMMC_ConfigData
 .text.SDMMC_CmdBlockLength
                0x0000000008005510       0x44 ./Drivers/STM32L4xx_HAL_Driver/Src/stm32l4xx_ll_sdmmc.o
                0x0000000008005510                SDMMC_CmdBlockLength
 .text.SDMMC_CmdReadSingleBlock
                0x0000000008005554       0x44 ./Drivers/STM32L4xx_HAL_Driver/Src/stm32l4xx_ll_sdmmc.o
                0x0000000008005554                SDMMC_CmdReadSingleBlock
 .text.SDMMC_CmdReadMultiBlock
                0x0000000008005598       0x44 ./Drivers/STM32L4xx_HAL_Driver/Src/stm32l4xx_ll_sdmmc.o
                0x0000000008005598                SDMMC_CmdReadMultiBlock
 .text.SDMMC_CmdWriteSingleBlock
                0x00000000080055dc       0x44 ./Drivers/STM32L4xx_HAL_Driver/Src/stm32l4xx_ll_sdmmc.o
                0x00000000080055dc                SDMMC_CmdWriteSingleBlock
 .text.SDMMC_CmdWriteMultiBlock
                0x0000000008005620       0x44 ./Drivers/STM32L4xx_HAL_Driver/Src/stm32l4xx_ll_sdmmc.o
                0x0000000008005620                SDMMC_CmdWriteMultiBlock
 .text.SDMMC_CmdStopTransfer
                0x0000000008005664       0x44 ./Drivers/STM32L4xx_HAL_Driver/Src/stm32l4xx_ll_sdmmc.o
                0x0000000008005664                SDMMC_CmdStopTransfer
 .text.SDMMC_CmdSelDesel
                0x00000000080056a8       0x46 ./Drivers/STM32L4xx_HAL_Driver/Src/stm32l4xx_ll_sdmmc.o
                0x00000000080056a8                SDMMC_CmdSelDesel
 .text.SDMMC_CmdGoIdleState
                0x00000000080056ee       0x3c ./Drivers/STM32L4xx_HAL_Driver/Src/stm32l4xx_ll_sdmmc.o
                0x00000000080056ee                SDMMC_CmdGoIdleState
 .text.SDMMC_CmdOperCond
                0x000000000800572a       0x3e ./Drivers/STM32L4xx_HAL_Driver/Src/stm32l4xx_ll_sdmmc.o
                0x000000000800572a                SDMMC_CmdOperCond
 .text.SDMMC_CmdAppCommand
                0x0000000008005768       0x44 ./Drivers/STM32L4xx_HAL_Driver/Src/stm32l4xx_ll_sdmmc.o
                0x0000000008005768                SDMMC_CmdAppCommand
 .text.SDMMC_CmdAppOperCommand
                0x00000000080057ac       0x46 ./Drivers/STM32L4xx_HAL_Driver/Src/stm32l4xx_ll_sdmmc.o
                0x00000000080057ac                SDMMC_CmdAppOperCommand
 .text.SDMMC_CmdBusWidth
                0x00000000080057f2       0x44 ./Drivers/STM32L4xx_HAL_Driver/Src/stm32l4xx_ll_sdmmc.o
                0x00000000080057f2                SDMMC_CmdBusWidth
 .text.SDMMC_CmdSendSCR
                0x0000000008005836       0x42 ./Drivers/STM32L4xx_HAL_Driver/Src/stm32l4xx_ll_sdmmc.o
                0x0000000008005836                SDMMC_CmdSendSCR
 .text.SDMMC_CmdSendCID
                0x0000000008005878       0x3c ./Drivers/STM32L4xx_HAL_Driver/Src/stm32l4xx_ll_sdmmc.o
                0x0000000008005878                SDMMC_CmdSendCID
 .text.SDMMC_CmdSendCSD
                0x00000000080058b4       0x3e ./Drivers/STM32L4xx_HAL_Driver/Src/stm32l4xx_ll_sdmmc.o
                0x00000000080058b4                SDMMC_CmdSendCSD
 .text.SDMMC_CmdSetRelAdd
                0x00000000080058f2       0x42 ./Drivers/STM32L4xx_HAL_Driver/Src/stm32l4xx_ll_sdmmc.o
                0x00000000080058f2                SDMMC_CmdSetRelAdd
 .text.SDMMC_CmdSendStatus
                0x0000000008005934       0x44 ./Drivers/STM32L4xx_HAL_Driver/Src/stm32l4xx_ll_sdmmc.o
                0x0000000008005934                SDMMC_CmdSendStatus
 .text.SDMMC_GetCmdResp1
                0x0000000008005978      0x1dc ./Drivers/STM32L4xx_HAL_Driver/Src/stm32l4xx_ll_sdmmc.o
                0x0000000008005978                SDMMC_GetCmdResp1
 .text.SDMMC_GetCmdResp2
                0x0000000008005b54       0x90 ./Drivers/STM32L4xx_HAL_Driver/Src/stm32l4xx_ll_sdmmc.o
                0x0000000008005b54                SDMMC_GetCmdResp2
 .text.SDMMC_GetCmdResp3
                0x0000000008005be4       0x7c ./Drivers/STM32L4xx_HAL_Driver/Src/stm32l4xx_ll_sdmmc.o
                0x0000000008005be4                SDMMC_GetCmdResp3
 .text.SDMMC_GetCmdResp6
                0x0000000008005c60       0xec ./Drivers/STM32L4xx_HAL_Driver/Src/stm32l4xx_ll_sdmmc.o
                0x0000000008005c60                SDMMC_GetCmdResp6
 .text.SDMMC_GetCmdResp7
                0x0000000008005d4c       0x9c ./Drivers/STM32L4xx_HAL_Driver/Src/stm32l4xx_ll_sdmmc.o
                0x0000000008005d4c                SDMMC_GetCmdResp7
 .text.SDMMC_GetCmdError
                0x0000000008005de8       0x58 ./Drivers/STM32L4xx_HAL_Driver/Src/stm32l4xx_ll_sdmmc.o
 .text.MX_FATFS_Init
                0x0000000008005e40       0x24 ./FATFS/App/fatfs.o
                0x0000000008005e40                MX_FATFS_Init
 .text.get_fattime
                0x0000000008005e64       0x10 ./FATFS/App/fatfs.o
                0x0000000008005e64                get_fattime
 .text.BSP_SD_Init
                0x0000000008005e74       0x4c ./FATFS/Target/bsp_driver_sd.o
                0x0000000008005e74                BSP_SD_Init
 .text.BSP_SD_ReadBlocks_DMA
                0x0000000008005ec0       0x50 ./FATFS/Target/bsp_driver_sd.o
                0x0000000008005ec0                BSP_SD_ReadBlocks_DMA
 .text.BSP_SD_WriteBlocks_DMA
                0x0000000008005f10       0x50 ./FATFS/Target/bsp_driver_sd.o
                0x0000000008005f10                BSP_SD_WriteBlocks_DMA
 .text.BSP_SD_GetCardState
                0x0000000008005f60       0x20 ./FATFS/Target/bsp_driver_sd.o
                0x0000000008005f60                BSP_SD_GetCardState
 .text.BSP_SD_GetCardInfo
                0x0000000008005f80       0x1c ./FATFS/Target/bsp_driver_sd.o
                0x0000000008005f80                BSP_SD_GetCardInfo
 .text.HAL_SD_AbortCallback
                0x0000000008005f9c       0x14 ./FATFS/Target/bsp_driver_sd.o
                0x0000000008005f9c                HAL_SD_AbortCallback
 .text.HAL_SD_TxCpltCallback
                0x0000000008005fb0       0x14 ./FATFS/Target/bsp_driver_sd.o
                0x0000000008005fb0                HAL_SD_TxCpltCallback
 .text.HAL_SD_RxCpltCallback
                0x0000000008005fc4       0x14 ./FATFS/Target/bsp_driver_sd.o
                0x0000000008005fc4                HAL_SD_RxCpltCallback
 .text.BSP_SD_AbortCallback
                0x0000000008005fd8        0xe ./FATFS/Target/bsp_driver_sd.o
                0x0000000008005fd8                BSP_SD_AbortCallback
 .text.BSP_SD_IsDetected
                0x0000000008005fe6       0x1a ./FATFS/Target/bsp_driver_sd.o
                0x0000000008005fe6                BSP_SD_IsDetected
 .text.BSP_SD_DMA_Tx_IRQHandler
                0x0000000008006000       0x18 ./FATFS/Target/bsp_driver_sd.o
                0x0000000008006000                BSP_SD_DMA_Tx_IRQHandler
 .text.BSP_SD_DMA_Rx_IRQHandler
                0x0000000008006018       0x18 ./FATFS/Target/bsp_driver_sd.o
                0x0000000008006018                BSP_SD_DMA_Rx_IRQHandler
 .text.SD_DMAConfigRx
                0x0000000008006030       0x88 ./FATFS/Target/bsp_driver_sd.o
 .text.SD_DMAConfigTx
                0x00000000080060b8       0x84 ./FATFS/Target/bsp_driver_sd.o
 .text.SD_CheckStatusWithTimeout
                0x000000000800613c       0x3a ./FATFS/Target/sd_diskio.o
 *fill*         0x0000000008006176        0x2 
 .text.SD_CheckStatus
                0x0000000008006178       0x3c ./FATFS/Target/sd_diskio.o
 .text.SD_initialize
                0x00000000080061b4       0x38 ./FATFS/Target/sd_diskio.o
                0x00000000080061b4                SD_initialize
 .text.SD_status
                0x00000000080061ec       0x1c ./FATFS/Target/sd_diskio.o
                0x00000000080061ec                SD_status
 .text.SD_read  0x0000000008006208       0xac ./FATFS/Target/sd_diskio.o
                0x0000000008006208                SD_read
 .text.SD_write
                0x00000000080062b4       0xac ./FATFS/Target/sd_diskio.o
                0x00000000080062b4                SD_write
 .text.SD_ioctl
                0x0000000008006360       0xb0 ./FATFS/Target/sd_diskio.o
                0x0000000008006360                SD_ioctl
 .text.BSP_SD_WriteCpltCallback
                0x0000000008006410       0x18 ./FATFS/Target/sd_diskio.o
                0x0000000008006410                BSP_SD_WriteCpltCallback
 .text.BSP_SD_ReadCpltCallback
                0x0000000008006428       0x18 ./FATFS/Target/sd_diskio.o
                0x0000000008006428                BSP_SD_ReadCpltCallback
 .text.disk_status
                0x0000000008006440       0x34 ./Middlewares/Third_Party/FatFs/src/diskio.o
                0x0000000008006440                disk_status
 .text.disk_initialize
                0x0000000008006474       0x4c ./Middlewares/Third_Party/FatFs/src/diskio.o
                0x0000000008006474                disk_initialize
 .text.disk_read
                0x00000000080064c0       0x40 ./Middlewares/Third_Party/FatFs/src/diskio.o
                0x00000000080064c0                disk_read
 .text.disk_write
                0x0000000008006500       0x40 ./Middlewares/Third_Party/FatFs/src/diskio.o
                0x0000000008006500                disk_write
 .text.disk_ioctl
                0x0000000008006540       0x3c ./Middlewares/Third_Party/FatFs/src/diskio.o
                0x0000000008006540                disk_ioctl
 .text.ld_word  0x000000000800657c       0x30 ./Middlewares/Third_Party/FatFs/src/ff.o
 .text.ld_dword
                0x00000000080065ac       0x46 ./Middlewares/Third_Party/FatFs/src/ff.o
 .text.st_word  0x00000000080065f2       0x36 ./Middlewares/Third_Party/FatFs/src/ff.o
 .text.st_dword
                0x0000000008006628       0x58 ./Middlewares/Third_Party/FatFs/src/ff.o
 .text.mem_cpy  0x0000000008006680       0x42 ./Middlewares/Third_Party/FatFs/src/ff.o
 .text.mem_set  0x00000000080066c2       0x36 ./Middlewares/Third_Party/FatFs/src/ff.o
 .text.mem_cmp  0x00000000080066f8       0x4e ./Middlewares/Third_Party/FatFs/src/ff.o
 .text.chk_chr  0x0000000008006746       0x36 ./Middlewares/Third_Party/FatFs/src/ff.o
 .text.chk_lock
                0x000000000800677c       0xb8 ./Middlewares/Third_Party/FatFs/src/ff.o
 .text.enq_lock
                0x0000000008006834       0x44 ./Middlewares/Third_Party/FatFs/src/ff.o
 .text.inc_lock
                0x0000000008006878      0x11c ./Middlewares/Third_Party/FatFs/src/ff.o
 .text.dec_lock
                0x0000000008006994       0x78 ./Middlewares/Third_Party/FatFs/src/ff.o
 .text.clear_lock
                0x0000000008006a0c       0x48 ./Middlewares/Third_Party/FatFs/src/ff.o
 .text.sync_window
                0x0000000008006a54       0x88 ./Middlewares/Third_Party/FatFs/src/ff.o
 .text.move_window
                0x0000000008006adc       0x5a ./Middlewares/Third_Party/FatFs/src/ff.o
 *fill*         0x0000000008006b36        0x2 
 .text.sync_fs  0x0000000008006b38       0xe0 ./Middlewares/Third_Party/FatFs/src/ff.o
 .text.clust2sect
                0x0000000008006c18       0x3e ./Middlewares/Third_Party/FatFs/src/ff.o
 .text.get_fat  0x0000000008006c56      0x1a8 ./Middlewares/Third_Party/FatFs/src/ff.o
 .text.put_fat  0x0000000008006dfe      0x238 ./Middlewares/Third_Party/FatFs/src/ff.o
 .text.remove_chain
                0x0000000008007036       0xca ./Middlewares/Third_Party/FatFs/src/ff.o
 .text.create_chain
                0x0000000008007100      0x130 ./Middlewares/Third_Party/FatFs/src/ff.o
 .text.dir_sdi  0x0000000008007230      0x112 ./Middlewares/Third_Party/FatFs/src/ff.o
 .text.dir_next
                0x0000000008007342      0x1ac ./Middlewares/Third_Party/FatFs/src/ff.o
 .text.dir_alloc
                0x00000000080074ee       0x8e ./Middlewares/Third_Party/FatFs/src/ff.o
 .text.ld_clust
                0x000000000800757c       0x3e ./Middlewares/Third_Party/FatFs/src/ff.o
 .text.st_clust
                0x00000000080075ba       0x40 ./Middlewares/Third_Party/FatFs/src/ff.o
 .text.dir_find
                0x00000000080075fa       0xaa ./Middlewares/Third_Party/FatFs/src/ff.o
 .text.dir_register
                0x00000000080076a4       0x64 ./Middlewares/Third_Party/FatFs/src/ff.o
 .text.create_name
                0x0000000008007708      0x128 ./Middlewares/Third_Party/FatFs/src/ff.o
 .text.follow_path
                0x0000000008007830       0xec ./Middlewares/Third_Party/FatFs/src/ff.o
 .text.get_ldnumber
                0x000000000800791c       0x88 ./Middlewares/Third_Party/FatFs/src/ff.o
 .text.check_fs
                0x00000000080079a4       0xac ./Middlewares/Third_Party/FatFs/src/ff.o
 .text.find_volume
                0x0000000008007a50      0x500 ./Middlewares/Third_Party/FatFs/src/ff.o
 .text.validate
                0x0000000008007f50       0x6a ./Middlewares/Third_Party/FatFs/src/ff.o
 *fill*         0x0000000008007fba        0x2 
 .text.f_mount  0x0000000008007fbc       0x8c ./Middlewares/Third_Party/FatFs/src/ff.o
                0x0000000008007fbc                f_mount
 .text.f_open   0x0000000008008048      0x398 ./Middlewares/Third_Party/FatFs/src/ff.o
                0x0000000008008048                f_open
 .text.f_sync   0x00000000080083e0       0xfc ./Middlewares/Third_Party/FatFs/src/ff.o
                0x00000000080083e0                f_sync
 .text.f_close  0x00000000080084dc       0x54 ./Middlewares/Third_Party/FatFs/src/ff.o
                0x00000000080084dc                f_close
 .text.FATFS_LinkDriverEx
                0x0000000008008530       0x98 ./Middlewares/Third_Party/FatFs/src/ff_gen_drv.o
                0x0000000008008530                FATFS_LinkDriverEx
 .text.FATFS_LinkDriver
                0x00000000080085c8       0x1e ./Middlewares/Third_Party/FatFs/src/ff_gen_drv.o
                0x00000000080085c8                FATFS_LinkDriver
 *fill*         0x00000000080085e6        0x2 
 .text.__NVIC_SetPriority
                0x00000000080085e8       0x54 ./Middlewares/Third_Party/FreeRTOS/Source/CMSIS_RTOS_V2/cmsis_os2.o
 .text.SysTick_Handler
                0x000000000800863c       0x20 ./Middlewares/Third_Party/FreeRTOS/Source/CMSIS_RTOS_V2/cmsis_os2.o
                0x000000000800863c                SysTick_Handler
 .text.SVC_Setup
                0x000000000800865c       0x12 ./Middlewares/Third_Party/FreeRTOS/Source/CMSIS_RTOS_V2/cmsis_os2.o
 *fill*         0x000000000800866e        0x2 
 .text.osKernelInitialize
                0x0000000008008670       0x48 ./Middlewares/Third_Party/FreeRTOS/Source/CMSIS_RTOS_V2/cmsis_os2.o
                0x0000000008008670                osKernelInitialize
 .text.osKernelStart
                0x00000000080086b8       0x4c ./Middlewares/Third_Party/FreeRTOS/Source/CMSIS_RTOS_V2/cmsis_os2.o
                0x00000000080086b8                osKernelStart
 .text.osThreadNew
                0x0000000008008704      0x124 ./Middlewares/Third_Party/FreeRTOS/Source/CMSIS_RTOS_V2/cmsis_os2.o
                0x0000000008008704                osThreadNew
 .text.vApplicationGetIdleTaskMemory
                0x0000000008008828       0x34 ./Middlewares/Third_Party/FreeRTOS/Source/CMSIS_RTOS_V2/cmsis_os2.o
                0x0000000008008828                vApplicationGetIdleTaskMemory
 .text.vApplicationGetTimerTaskMemory
                0x000000000800885c       0x34 ./Middlewares/Third_Party/FreeRTOS/Source/CMSIS_RTOS_V2/cmsis_os2.o
                0x000000000800885c                vApplicationGetTimerTaskMemory
 .text.vListInitialise
                0x0000000008008890       0x40 ./Middlewares/Third_Party/FreeRTOS/Source/list.o
                0x0000000008008890                vListInitialise
 .text.vListInitialiseItem
                0x00000000080088d0       0x1a ./Middlewares/Third_Party/FreeRTOS/Source/list.o
                0x00000000080088d0                vListInitialiseItem
 .text.vListInsertEnd
                0x00000000080088ea       0x48 ./Middlewares/Third_Party/FreeRTOS/Source/list.o
                0x00000000080088ea                vListInsertEnd
 .text.vListInsert
                0x0000000008008932       0x72 ./Middlewares/Third_Party/FreeRTOS/Source/list.o
                0x0000000008008932                vListInsert
 .text.uxListRemove
                0x00000000080089a4       0x54 ./Middlewares/Third_Party/FreeRTOS/Source/list.o
                0x00000000080089a4                uxListRemove
 .text.xQueueGenericReset
                0x00000000080089f8       0xd0 ./Middlewares/Third_Party/FreeRTOS/Source/queue.o
                0x00000000080089f8                xQueueGenericReset
 .text.xQueueGenericCreateStatic
                0x0000000008008ac8       0xf0 ./Middlewares/Third_Party/FreeRTOS/Source/queue.o
                0x0000000008008ac8                xQueueGenericCreateStatic
 .text.prvInitialiseNewQueue
                0x0000000008008bb8       0x46 ./Middlewares/Third_Party/FreeRTOS/Source/queue.o
 *fill*         0x0000000008008bfe        0x2 
 .text.xQueueGenericSend
                0x0000000008008c00      0x1fc ./Middlewares/Third_Party/FreeRTOS/Source/queue.o
                0x0000000008008c00                xQueueGenericSend
 .text.xQueueGenericSendFromISR
                0x0000000008008dfc      0x136 ./Middlewares/Third_Party/FreeRTOS/Source/queue.o
                0x0000000008008dfc                xQueueGenericSendFromISR
 *fill*         0x0000000008008f32        0x2 
 .text.xQueueReceive
                0x0000000008008f34      0x1c0 ./Middlewares/Third_Party/FreeRTOS/Source/queue.o
                0x0000000008008f34                xQueueReceive
 .text.prvCopyDataToQueue
                0x00000000080090f4       0xd4 ./Middlewares/Third_Party/FreeRTOS/Source/queue.o
 .text.prvCopyDataFromQueue
                0x00000000080091c8       0x4c ./Middlewares/Third_Party/FreeRTOS/Source/queue.o
 .text.prvUnlockQueue
                0x0000000008009214       0xa4 ./Middlewares/Third_Party/FreeRTOS/Source/queue.o
 .text.prvIsQueueEmpty
                0x00000000080092b8       0x2c ./Middlewares/Third_Party/FreeRTOS/Source/queue.o
 .text.prvIsQueueFull
                0x00000000080092e4       0x30 ./Middlewares/Third_Party/FreeRTOS/Source/queue.o
 .text.vQueueAddToRegistry
                0x0000000008009314       0x54 ./Middlewares/Third_Party/FreeRTOS/Source/queue.o
                0x0000000008009314                vQueueAddToRegistry
 .text.vQueueWaitForMessageRestricted
                0x0000000008009368       0x68 ./Middlewares/Third_Party/FreeRTOS/Source/queue.o
                0x0000000008009368                vQueueWaitForMessageRestricted
 .text.xTaskCreateStatic
                0x00000000080093d0       0xba ./Middlewares/Third_Party/FreeRTOS/Source/tasks.o
                0x00000000080093d0                xTaskCreateStatic
 .text.xTaskCreate
                0x000000000800948a       0x8a ./Middlewares/Third_Party/FreeRTOS/Source/tasks.o
                0x000000000800948a                xTaskCreate
 .text.prvInitialiseNewTask
                0x0000000008009514      0x11e ./Middlewares/Third_Party/FreeRTOS/Source/tasks.o
 *fill*         0x0000000008009632        0x2 
 .text.prvAddNewTaskToReadyList
                0x0000000008009634       0xe0 ./Middlewares/Third_Party/FreeRTOS/Source/tasks.o
 .text.vTaskStartScheduler
                0x0000000008009714       0xcc ./Middlewares/Third_Party/FreeRTOS/Source/tasks.o
                0x0000000008009714                vTaskStartScheduler
 .text.vTaskSuspendAll
                0x00000000080097e0       0x1c ./Middlewares/Third_Party/FreeRTOS/Source/tasks.o
                0x00000000080097e0                vTaskSuspendAll
 .text.xTaskResumeAll
                0x00000000080097fc      0x13c ./Middlewares/Third_Party/FreeRTOS/Source/tasks.o
                0x00000000080097fc                xTaskResumeAll
 .text.xTaskGetTickCount
                0x0000000008009938       0x20 ./Middlewares/Third_Party/FreeRTOS/Source/tasks.o
                0x0000000008009938                xTaskGetTickCount
 .text.xTaskIncrementTick
                0x0000000008009958      0x174 ./Middlewares/Third_Party/FreeRTOS/Source/tasks.o
                0x0000000008009958                xTaskIncrementTick
 .text.vTaskSwitchContext
                0x0000000008009acc       0xbc ./Middlewares/Third_Party/FreeRTOS/Source/tasks.o
                0x0000000008009acc                vTaskSwitchContext
 .text.vTaskPlaceOnEventList
                0x0000000008009b88       0x48 ./Middlewares/Third_Party/FreeRTOS/Source/tasks.o
                0x0000000008009b88                vTaskPlaceOnEventList
 .text.vTaskPlaceOnEventListRestricted
                0x0000000008009bd0       0x58 ./Middlewares/Third_Party/FreeRTOS/Source/tasks.o
                0x0000000008009bd0                vTaskPlaceOnEventListRestricted
 .text.xTaskRemoveFromEventList
                0x0000000008009c28       0xc8 ./Middlewares/Third_Party/FreeRTOS/Source/tasks.o
                0x0000000008009c28                xTaskRemoveFromEventList
 .text.vTaskInternalSetTimeOutState
                0x0000000008009cf0       0x2c ./Middlewares/Third_Party/FreeRTOS/Source/tasks.o
                0x0000000008009cf0                vTaskInternalSetTimeOutState
 .text.xTaskCheckForTimeOut
                0x0000000008009d1c       0xc4 ./Middlewares/Third_Party/FreeRTOS/Source/tasks.o
                0x0000000008009d1c                xTaskCheckForTimeOut
 .text.vTaskMissedYield
                0x0000000008009de0       0x18 ./Middlewares/Third_Party/FreeRTOS/Source/tasks.o
                0x0000000008009de0                vTaskMissedYield
 .text.prvIdleTask
                0x0000000008009df8       0x30 ./Middlewares/Third_Party/FreeRTOS/Source/tasks.o
 .text.prvInitialiseTaskLists
                0x0000000008009e28       0x80 ./Middlewares/Third_Party/FreeRTOS/Source/tasks.o
 .text.prvCheckTasksWaitingTermination
                0x0000000008009ea8       0x5c ./Middlewares/Third_Party/FreeRTOS/Source/tasks.o
 .text.prvDeleteTCB
                0x0000000008009f04       0x5e ./Middlewares/Third_Party/FreeRTOS/Source/tasks.o
 *fill*         0x0000000008009f62        0x2 
 .text.prvResetNextTaskUnblockTime
                0x0000000008009f64       0x40 ./Middlewares/Third_Party/FreeRTOS/Source/tasks.o
 .text.xTaskGetSchedulerState
                0x0000000008009fa4       0x3c ./Middlewares/Third_Party/FreeRTOS/Source/tasks.o
                0x0000000008009fa4                xTaskGetSchedulerState
 .text.xTaskPriorityDisinherit
                0x0000000008009fe0       0xdc ./Middlewares/Third_Party/FreeRTOS/Source/tasks.o
                0x0000000008009fe0                xTaskPriorityDisinherit
 .text.prvAddCurrentTaskToDelayedList
                0x000000000800a0bc       0xa8 ./Middlewares/Third_Party/FreeRTOS/Source/tasks.o
 .text.xTimerCreateTimerTask
                0x000000000800a164       0x90 ./Middlewares/Third_Party/FreeRTOS/Source/timers.o
                0x000000000800a164                xTimerCreateTimerTask
 .text.xTimerGenericCommand
                0x000000000800a1f4       0x9c ./Middlewares/Third_Party/FreeRTOS/Source/timers.o
                0x000000000800a1f4                xTimerGenericCommand
 .text.prvProcessExpiredTimer
                0x000000000800a290       0x98 ./Middlewares/Third_Party/FreeRTOS/Source/timers.o
 .text.prvTimerTask
                0x000000000800a328       0x24 ./Middlewares/Third_Party/FreeRTOS/Source/timers.o
 .text.prvProcessTimerOrBlockTask
                0x000000000800a34c       0x9c ./Middlewares/Third_Party/FreeRTOS/Source/timers.o
 .text.prvGetNextExpireTime
                0x000000000800a3e8       0x48 ./Middlewares/Third_Party/FreeRTOS/Source/timers.o
 .text.prvSampleTimeNow
                0x000000000800a430       0x40 ./Middlewares/Third_Party/FreeRTOS/Source/timers.o
 .text.prvInsertTimerInActiveList
                0x000000000800a470       0x84 ./Middlewares/Third_Party/FreeRTOS/Source/timers.o
 .text.prvProcessReceivedCommands
                0x000000000800a4f4      0x1c4 ./Middlewares/Third_Party/FreeRTOS/Source/timers.o
 .text.prvSwitchTimerLists
                0x000000000800a6b8       0xc8 ./Middlewares/Third_Party/FreeRTOS/Source/timers.o
 .text.prvCheckForValidListAndQueue
                0x000000000800a780       0x80 ./Middlewares/Third_Party/FreeRTOS/Source/timers.o
 .text.pxPortInitialiseStack
                0x000000000800a800       0x68 ./Middlewares/Third_Party/FreeRTOS/Source/portable/GCC/ARM_CM4F/port.o
                0x000000000800a800                pxPortInitialiseStack
 .text.prvTaskExitError
                0x000000000800a868       0x58 ./Middlewares/Third_Party/FreeRTOS/Source/portable/GCC/ARM_CM4F/port.o
 .text.SVC_Handler
                0x000000000800a8c0       0x28 ./Middlewares/Third_Party/FreeRTOS/Source/portable/GCC/ARM_CM4F/port.o
                0x000000000800a8c0                SVC_Handler
 .text.prvPortStartFirstTask
                0x000000000800a8e8       0x28 ./Middlewares/Third_Party/FreeRTOS/Source/portable/GCC/ARM_CM4F/port.o
 .text.xPortStartScheduler
                0x000000000800a910      0x144 ./Middlewares/Third_Party/FreeRTOS/Source/portable/GCC/ARM_CM4F/port.o
                0x000000000800a910                xPortStartScheduler
 .text.vPortEnterCritical
                0x000000000800aa54       0x60 ./Middlewares/Third_Party/FreeRTOS/Source/portable/GCC/ARM_CM4F/port.o
                0x000000000800aa54                vPortEnterCritical
 .text.vPortExitCritical
                0x000000000800aab4       0x54 ./Middlewares/Third_Party/FreeRTOS/Source/portable/GCC/ARM_CM4F/port.o
                0x000000000800aab4                vPortExitCritical
 *fill*         0x000000000800ab08        0x8 
 .text.PendSV_Handler
                0x000000000800ab10       0x68 ./Middlewares/Third_Party/FreeRTOS/Source/portable/GCC/ARM_CM4F/port.o
                0x000000000800ab10                PendSV_Handler
 .text.xPortSysTickHandler
                0x000000000800ab78       0x44 ./Middlewares/Third_Party/FreeRTOS/Source/portable/GCC/ARM_CM4F/port.o
                0x000000000800ab78                xPortSysTickHandler
 .text.vPortSetupTimerInterrupt
                0x000000000800abbc       0x48 ./Middlewares/Third_Party/FreeRTOS/Source/portable/GCC/ARM_CM4F/port.o
                0x000000000800abbc                vPortSetupTimerInterrupt
 .text.vPortEnableVFP
                0x000000000800ac04       0x14 ./Middlewares/Third_Party/FreeRTOS/Source/portable/GCC/ARM_CM4F/port.o
 .text.vPortValidateInterruptPriority
                0x000000000800ac18       0x80 ./Middlewares/Third_Party/FreeRTOS/Source/portable/GCC/ARM_CM4F/port.o
                0x000000000800ac18                vPortValidateInterruptPriority
 .text.pvPortMalloc
                0x000000000800ac98      0x198 ./Middlewares/Third_Party/FreeRTOS/Source/portable/MemMang/heap_4.o
                0x000000000800ac98                pvPortMalloc
 .text.vPortFree
                0x000000000800ae30       0xc4 ./Middlewares/Third_Party/FreeRTOS/Source/portable/MemMang/heap_4.o
                0x000000000800ae30                vPortFree
 .text.prvHeapInit
                0x000000000800aef4       0xc4 ./Middlewares/Third_Party/FreeRTOS/Source/portable/MemMang/heap_4.o
 .text.prvInsertBlockIntoFreeList
                0x000000000800afb8       0xb4 ./Middlewares/Third_Party/FreeRTOS/Source/portable/MemMang/heap_4.o
 .text.__libc_init_array
                0x000000000800b06c       0x48 c:/st/stm32cubeide_1.12.1/stm32cubeide/plugins/com.st.stm32cube.ide.mcu.externaltools.gnu-tools-for-stm32.10.3-2021.10.win32_1.0.200.202301161003/tools/bin/../lib/gcc/arm-none-eabi/10.3.1/../../../../arm-none-eabi/lib/thumb/v7e-m+fp/hard\libc_nano.a(lib_a-init.o)
                0x000000000800b06c                __libc_init_array
 .text.memcpy   0x000000000800b0b4       0x1c c:/st/stm32cubeide_1.12.1/stm32cubeide/plugins/com.st.stm32cube.ide.mcu.externaltools.gnu-tools-for-stm32.10.3-2021.10.win32_1.0.200.202301161003/tools/bin/../lib/gcc/arm-none-eabi/10.3.1/../../../../arm-none-eabi/lib/thumb/v7e-m+fp/hard\libc_nano.a(lib_a-memcpy-stub.o)
                0x000000000800b0b4                memcpy
 .text.memset   0x000000000800b0d0       0x10 c:/st/stm32cubeide_1.12.1/stm32cubeide/plugins/com.st.stm32cube.ide.mcu.externaltools.gnu-tools-for-stm32.10.3-2021.10.win32_1.0.200.202301161003/tools/bin/../lib/gcc/arm-none-eabi/10.3.1/../../../../arm-none-eabi/lib/thumb/v7e-m+fp/hard\libc_nano.a(lib_a-memset.o)
                0x000000000800b0d0                memset
 *(.glue_7)
 .glue_7        0x000000000800b0e0        0x0 linker stubs
 *(.glue_7t)
 .glue_7t       0x000000000800b0e0        0x0 linker stubs
 *(.eh_frame)
 .eh_frame      0x000000000800b0e0        0x0 c:/st/stm32cubeide_1.12.1/stm32cubeide/plugins/com.st.stm32cube.ide.mcu.externaltools.gnu-tools-for-stm32.10.3-2021.10.win32_1.0.200.202301161003/tools/bin/../lib/gcc/arm-none-eabi/10.3.1/thumb/v7e-m+fp/hard/crtbegin.o
 *(.init)
 .init          0x000000000800b0e0        0x4 c:/st/stm32cubeide_1.12.1/stm32cubeide/plugins/com.st.stm32cube.ide.mcu.externaltools.gnu-tools-for-stm32.10.3-2021.10.win32_1.0.200.202301161003/tools/bin/../lib/gcc/arm-none-eabi/10.3.1/thumb/v7e-m+fp/hard/crti.o
                0x000000000800b0e0                _init
 .init          0x000000000800b0e4        0x8 c:/st/stm32cubeide_1.12.1/stm32cubeide/plugins/com.st.stm32cube.ide.mcu.externaltools.gnu-tools-for-stm32.10.3-2021.10.win32_1.0.200.202301161003/tools/bin/../lib/gcc/arm-none-eabi/10.3.1/thumb/v7e-m+fp/hard/crtn.o
 *(.fini)
 .fini          0x000000000800b0ec        0x4 c:/st/stm32cubeide_1.12.1/stm32cubeide/plugins/com.st.stm32cube.ide.mcu.externaltools.gnu-tools-for-stm32.10.3-2021.10.win32_1.0.200.202301161003/tools/bin/../lib/gcc/arm-none-eabi/10.3.1/thumb/v7e-m+fp/hard/crti.o
                0x000000000800b0ec                _fini
 .fini          0x000000000800b0f0        0x8 c:/st/stm32cubeide_1.12.1/stm32cubeide/plugins/com.st.stm32cube.ide.mcu.externaltools.gnu-tools-for-stm32.10.3-2021.10.win32_1.0.200.202301161003/tools/bin/../lib/gcc/arm-none-eabi/10.3.1/thumb/v7e-m+fp/hard/crtn.o
                0x000000000800b0f8                . = ALIGN (0x4)
                0x000000000800b0f8                _etext = .

.vfp11_veneer   0x000000000800b0f8        0x0
 .vfp11_veneer  0x000000000800b0f8        0x0 linker stubs

.v4_bx          0x000000000800b0f8        0x0
 .v4_bx         0x000000000800b0f8        0x0 linker stubs

.iplt           0x000000000800b0f8        0x0
 .iplt          0x000000000800b0f8        0x0 c:/st/stm32cubeide_1.12.1/stm32cubeide/plugins/com.st.stm32cube.ide.mcu.externaltools.gnu-tools-for-stm32.10.3-2021.10.win32_1.0.200.202301161003/tools/bin/../lib/gcc/arm-none-eabi/10.3.1/thumb/v7e-m+fp/hard/crtbegin.o

.rodata         0x000000000800b0f8      0x174
                0x000000000800b0f8                . = ALIGN (0x4)
 *(.rodata)
 .rodata        0x000000000800b0f8       0x18 ./Core/Src/main.o
 .rodata        0x000000000800b110       0x44 ./Middlewares/Third_Party/FatFs/src/ff.o
 .rodata        0x000000000800b154        0x5 ./Middlewares/Third_Party/FreeRTOS/Source/tasks.o
 *fill*         0x000000000800b159        0x3 
 .rodata        0x000000000800b15c        0xd ./Middlewares/Third_Party/FreeRTOS/Source/timers.o
 *(.rodata*)
 *fill*         0x000000000800b169        0x3 
 .rodata.defaultTask_attributes
                0x000000000800b16c       0x24 ./Core/Src/main.o
                0x000000000800b16c                defaultTask_attributes
 .rodata.AHBPrescTable
                0x000000000800b190       0x10 ./Core/Src/system_stm32l4xx.o
                0x000000000800b190                AHBPrescTable
 .rodata.APBPrescTable
                0x000000000800b1a0        0x8 ./Core/Src/system_stm32l4xx.o
                0x000000000800b1a0                APBPrescTable
 .rodata.MSIRangeTable
                0x000000000800b1a8       0x30 ./Core/Src/system_stm32l4xx.o
                0x000000000800b1a8                MSIRangeTable
 .rodata.SD_Driver
                0x000000000800b1d8       0x14 ./FATFS/Target/sd_diskio.o
                0x000000000800b1d8                SD_Driver
 .rodata.ExCvt  0x000000000800b1ec       0x80 ./Middlewares/Third_Party/FatFs/src/ff.o
                0x000000000800b26c                . = ALIGN (0x4)

.rel.dyn        0x000000000800b26c        0x0
 .rel.iplt      0x000000000800b26c        0x0 c:/st/stm32cubeide_1.12.1/stm32cubeide/plugins/com.st.stm32cube.ide.mcu.externaltools.gnu-tools-for-stm32.10.3-2021.10.win32_1.0.200.202301161003/tools/bin/../lib/gcc/arm-none-eabi/10.3.1/thumb/v7e-m+fp/hard/crtbegin.o

.ARM.extab      0x000000000800b26c        0x0
                0x000000000800b26c                . = ALIGN (0x4)
 *(.ARM.extab* .gnu.linkonce.armextab.*)
                0x000000000800b26c                . = ALIGN (0x4)

.ARM            0x000000000800b26c        0x0
                0x000000000800b26c                . = ALIGN (0x4)
                0x000000000800b26c                __exidx_start = .
 *(.ARM.exidx*)
                0x000000000800b26c                __exidx_end = .
                0x000000000800b26c                . = ALIGN (0x4)

.preinit_array  0x000000000800b26c        0x0
                0x000000000800b26c                . = ALIGN (0x4)
                0x000000000800b26c                PROVIDE (__preinit_array_start = .)
 *(.preinit_array*)
                0x000000000800b26c                PROVIDE (__preinit_array_end = .)
                0x000000000800b26c                . = ALIGN (0x4)

.init_array     0x000000000800b26c        0x4
                0x000000000800b26c                . = ALIGN (0x4)
                0x000000000800b26c                PROVIDE (__init_array_start = .)
 *(SORT_BY_NAME(.init_array.*))
 *(.init_array*)
 .init_array    0x000000000800b26c        0x4 c:/st/stm32cubeide_1.12.1/stm32cubeide/plugins/com.st.stm32cube.ide.mcu.externaltools.gnu-tools-for-stm32.10.3-2021.10.win32_1.0.200.202301161003/tools/bin/../lib/gcc/arm-none-eabi/10.3.1/thumb/v7e-m+fp/hard/crtbegin.o
                0x000000000800b270                PROVIDE (__init_array_end = .)
                0x000000000800b270                . = ALIGN (0x4)

.fini_array     0x000000000800b270        0x4
                0x000000000800b270                . = ALIGN (0x4)
                [!provide]                        PROVIDE (__fini_array_start = .)
 *(SORT_BY_NAME(.fini_array.*))
 *(.fini_array*)
 .fini_array    0x000000000800b270        0x4 c:/st/stm32cubeide_1.12.1/stm32cubeide/plugins/com.st.stm32cube.ide.mcu.externaltools.gnu-tools-for-stm32.10.3-2021.10.win32_1.0.200.202301161003/tools/bin/../lib/gcc/arm-none-eabi/10.3.1/thumb/v7e-m+fp/hard/crtbegin.o
                [!provide]                        PROVIDE (__fini_array_end = .)
                0x000000000800b274                . = ALIGN (0x4)
                0x000000000800b274                _sidata = LOADADDR (.data)

.data           0x0000000020000000       0x10 load address 0x000000000800b274
                0x0000000020000000                . = ALIGN (0x4)
                0x0000000020000000                _sdata = .
 *(.data)
 *(.data*)
 .data.SystemCoreClock
                0x0000000020000000        0x4 ./Core/Src/system_stm32l4xx.o
                0x0000000020000000                SystemCoreClock
 .data.uwTickPrio
                0x0000000020000004        0x4 ./Drivers/STM32L4xx_HAL_Driver/Src/stm32l4xx_hal.o
                0x0000000020000004                uwTickPrio
 .data.uwTickFreq
                0x0000000020000008        0x1 ./Drivers/STM32L4xx_HAL_Driver/Src/stm32l4xx_hal.o
                0x0000000020000008                uwTickFreq
 .data.Stat     0x0000000020000009        0x1 ./FATFS/Target/sd_diskio.o
 *fill*         0x000000002000000a        0x2 
 .data.uxCriticalNesting
                0x000000002000000c        0x4 ./Middlewares/Third_Party/FreeRTOS/Source/portable/GCC/ARM_CM4F/port.o
 *(.RamFunc)
 *(.RamFunc*)
                0x0000000020000010                . = ALIGN (0x4)
                0x0000000020000010                _edata = .

.igot.plt       0x0000000020000010        0x0 load address 0x000000000800b284
 .igot.plt      0x0000000020000010        0x0 c:/st/stm32cubeide_1.12.1/stm32cubeide/plugins/com.st.stm32cube.ide.mcu.externaltools.gnu-tools-for-stm32.10.3-2021.10.win32_1.0.200.202301161003/tools/bin/../lib/gcc/arm-none-eabi/10.3.1/thumb/v7e-m+fp/hard/crtbegin.o
                0x0000000020000010                . = ALIGN (0x4)

.bss            0x0000000020000010     0x3bfc load address 0x000000000800b284
                0x0000000020000010                _sbss = .
                0x0000000020000010                __bss_start__ = _sbss
 *(.bss)
 .bss           0x0000000020000010       0x1c c:/st/stm32cubeide_1.12.1/stm32cubeide/plugins/com.st.stm32cube.ide.mcu.externaltools.gnu-tools-for-stm32.10.3-2021.10.win32_1.0.200.202301161003/tools/bin/../lib/gcc/arm-none-eabi/10.3.1/thumb/v7e-m+fp/hard/crtbegin.o
 *(.bss*)
 .bss.hsd1      0x000000002000002c       0x84 ./Core/Src/main.o
                0x000000002000002c                hsd1
 .bss.hdma_sdmmc1
                0x00000000200000b0       0x48 ./Core/Src/main.o
                0x00000000200000b0                hdma_sdmmc1
 .bss.defaultTaskHandle
                0x00000000200000f8        0x4 ./Core/Src/main.o
                0x00000000200000f8                defaultTaskHandle
 .bss.htim6     0x00000000200000fc       0x4c ./Core/Src/stm32l4xx_hal_timebase_tim.o
                0x00000000200000fc                htim6
 .bss.uwTick    0x0000000020000148        0x4 ./Drivers/STM32L4xx_HAL_Driver/Src/stm32l4xx_hal.o
                0x0000000020000148                uwTick
 .bss.retSD     0x000000002000014c        0x1 ./FATFS/App/fatfs.o
                0x000000002000014c                retSD
 *fill*         0x000000002000014d        0x3 
 .bss.SDPath    0x0000000020000150        0x4 ./FATFS/App/fatfs.o
                0x0000000020000150                SDPath
 .bss.SDFatFS   0x0000000020000154     0x1034 ./FATFS/App/fatfs.o
                0x0000000020000154                SDFatFS
 .bss.SDFile    0x0000000020001188     0x1030 ./FATFS/App/fatfs.o
                0x0000000020001188                SDFile
 .bss.hdma_rx.1
                0x00000000200021b8       0x48 ./FATFS/Target/bsp_driver_sd.o
 .bss.hdma_tx.0
                0x0000000020002200       0x48 ./FATFS/Target/bsp_driver_sd.o
 .bss.WriteStatus
                0x0000000020002248        0x4 ./FATFS/Target/sd_diskio.o
 .bss.ReadStatus
                0x000000002000224c        0x4 ./FATFS/Target/sd_diskio.o
 .bss.FatFs     0x0000000020002250        0x4 ./Middlewares/Third_Party/FatFs/src/ff.o
 .bss.Fsid      0x0000000020002254        0x2 ./Middlewares/Third_Party/FatFs/src/ff.o
 *fill*         0x0000000020002256        0x2 
 .bss.Files     0x0000000020002258       0xa0 ./Middlewares/Third_Party/FatFs/src/ff.o
 .bss.disk      0x00000000200022f8        0xc ./Middlewares/Third_Party/FatFs/src/ff_gen_drv.o
                0x00000000200022f8                disk
 .bss.KernelState
                0x0000000020002304        0x4 ./Middlewares/Third_Party/FreeRTOS/Source/CMSIS_RTOS_V2/cmsis_os2.o
 .bss.Idle_TCB.3
                0x0000000020002308       0x5c ./Middlewares/Third_Party/FreeRTOS/Source/CMSIS_RTOS_V2/cmsis_os2.o
 .bss.Idle_Stack.2
                0x0000000020002364      0x200 ./Middlewares/Third_Party/FreeRTOS/Source/CMSIS_RTOS_V2/cmsis_os2.o
 .bss.Timer_TCB.1
                0x0000000020002564       0x5c ./Middlewares/Third_Party/FreeRTOS/Source/CMSIS_RTOS_V2/cmsis_os2.o
 .bss.Timer_Stack.0
                0x00000000200025c0      0x400 ./Middlewares/Third_Party/FreeRTOS/Source/CMSIS_RTOS_V2/cmsis_os2.o
 .bss.xQueueRegistry
                0x00000000200029c0       0x40 ./Middlewares/Third_Party/FreeRTOS/Source/queue.o
                0x00000000200029c0                xQueueRegistry
 .bss.pxCurrentTCB
                0x0000000020002a00        0x4 ./Middlewares/Third_Party/FreeRTOS/Source/tasks.o
                0x0000000020002a00                pxCurrentTCB
 .bss.pxReadyTasksLists
                0x0000000020002a04      0x460 ./Middlewares/Third_Party/FreeRTOS/Source/tasks.o
 .bss.xDelayedTaskList1
                0x0000000020002e64       0x14 ./Middlewares/Third_Party/FreeRTOS/Source/tasks.o
 .bss.xDelayedTaskList2
                0x0000000020002e78       0x14 ./Middlewares/Third_Party/FreeRTOS/Source/tasks.o
 .bss.pxDelayedTaskList
                0x0000000020002e8c        0x4 ./Middlewares/Third_Party/FreeRTOS/Source/tasks.o
 .bss.pxOverflowDelayedTaskList
                0x0000000020002e90        0x4 ./Middlewares/Third_Party/FreeRTOS/Source/tasks.o
 .bss.xPendingReadyList
                0x0000000020002e94       0x14 ./Middlewares/Third_Party/FreeRTOS/Source/tasks.o
 .bss.xTasksWaitingTermination
                0x0000000020002ea8       0x14 ./Middlewares/Third_Party/FreeRTOS/Source/tasks.o
 .bss.uxDeletedTasksWaitingCleanUp
                0x0000000020002ebc        0x4 ./Middlewares/Third_Party/FreeRTOS/Source/tasks.o
 .bss.xSuspendedTaskList
                0x0000000020002ec0       0x14 ./Middlewares/Third_Party/FreeRTOS/Source/tasks.o
 .bss.uxCurrentNumberOfTasks
                0x0000000020002ed4        0x4 ./Middlewares/Third_Party/FreeRTOS/Source/tasks.o
 .bss.xTickCount
                0x0000000020002ed8        0x4 ./Middlewares/Third_Party/FreeRTOS/Source/tasks.o
 .bss.uxTopReadyPriority
                0x0000000020002edc        0x4 ./Middlewares/Third_Party/FreeRTOS/Source/tasks.o
 .bss.xSchedulerRunning
                0x0000000020002ee0        0x4 ./Middlewares/Third_Party/FreeRTOS/Source/tasks.o
 .bss.xPendedTicks
                0x0000000020002ee4        0x4 ./Middlewares/Third_Party/FreeRTOS/Source/tasks.o
 .bss.xYieldPending
                0x0000000020002ee8        0x4 ./Middlewares/Third_Party/FreeRTOS/Source/tasks.o
 .bss.xNumOfOverflows
                0x0000000020002eec        0x4 ./Middlewares/Third_Party/FreeRTOS/Source/tasks.o
 .bss.uxTaskNumber
                0x0000000020002ef0        0x4 ./Middlewares/Third_Party/FreeRTOS/Source/tasks.o
 .bss.xNextTaskUnblockTime
                0x0000000020002ef4        0x4 ./Middlewares/Third_Party/FreeRTOS/Source/tasks.o
 .bss.xIdleTaskHandle
                0x0000000020002ef8        0x4 ./Middlewares/Third_Party/FreeRTOS/Source/tasks.o
 .bss.uxSchedulerSuspended
                0x0000000020002efc        0x4 ./Middlewares/Third_Party/FreeRTOS/Source/tasks.o
 .bss.xActiveTimerList1
                0x0000000020002f00       0x14 ./Middlewares/Third_Party/FreeRTOS/Source/timers.o
 .bss.xActiveTimerList2
                0x0000000020002f14       0x14 ./Middlewares/Third_Party/FreeRTOS/Source/timers.o
 .bss.pxCurrentTimerList
                0x0000000020002f28        0x4 ./Middlewares/Third_Party/FreeRTOS/Source/timers.o
 .bss.pxOverflowTimerList
                0x0000000020002f2c        0x4 ./Middlewares/Third_Party/FreeRTOS/Source/timers.o
 .bss.xTimerQueue
                0x0000000020002f30        0x4 ./Middlewares/Third_Party/FreeRTOS/Source/timers.o
 .bss.xTimerTaskHandle
                0x0000000020002f34        0x4 ./Middlewares/Third_Party/FreeRTOS/Source/timers.o
 .bss.xLastTime.2
                0x0000000020002f38        0x4 ./Middlewares/Third_Party/FreeRTOS/Source/timers.o
 .bss.ucStaticTimerQueueStorage.1
                0x0000000020002f3c       0xa0 ./Middlewares/Third_Party/FreeRTOS/Source/timers.o
 .bss.xStaticTimerQueue.0
                0x0000000020002fdc       0x50 ./Middlewares/Third_Party/FreeRTOS/Source/timers.o
 .bss.ucMaxSysCallPriority
                0x000000002000302c        0x1 ./Middlewares/Third_Party/FreeRTOS/Source/portable/GCC/ARM_CM4F/port.o
 *fill*         0x000000002000302d        0x3 
 .bss.ulMaxPRIGROUPValue
                0x0000000020003030        0x4 ./Middlewares/Third_Party/FreeRTOS/Source/portable/GCC/ARM_CM4F/port.o
 .bss.ucHeap    0x0000000020003034      0xbb8 ./Middlewares/Third_Party/FreeRTOS/Source/portable/MemMang/heap_4.o
 .bss.xStart    0x0000000020003bec        0x8 ./Middlewares/Third_Party/FreeRTOS/Source/portable/MemMang/heap_4.o
 .bss.pxEnd     0x0000000020003bf4        0x4 ./Middlewares/Third_Party/FreeRTOS/Source/portable/MemMang/heap_4.o
 .bss.xFreeBytesRemaining
                0x0000000020003bf8        0x4 ./Middlewares/Third_Party/FreeRTOS/Source/portable/MemMang/heap_4.o
 .bss.xMinimumEverFreeBytesRemaining
                0x0000000020003bfc        0x4 ./Middlewares/Third_Party/FreeRTOS/Source/portable/MemMang/heap_4.o
 .bss.xNumberOfSuccessfulAllocations
                0x0000000020003c00        0x4 ./Middlewares/Third_Party/FreeRTOS/Source/portable/MemMang/heap_4.o
 .bss.xNumberOfSuccessfulFrees
                0x0000000020003c04        0x4 ./Middlewares/Third_Party/FreeRTOS/Source/portable/MemMang/heap_4.o
 .bss.xBlockAllocatedBit
                0x0000000020003c08        0x4 ./Middlewares/Third_Party/FreeRTOS/Source/portable/MemMang/heap_4.o
 *(COMMON)
                0x0000000020003c0c                . = ALIGN (0x4)
                0x0000000020003c0c                _ebss = .
                0x0000000020003c0c                __bss_end__ = _ebss

._user_heap_stack
                0x0000000020003c0c      0x604 load address 0x000000000800b284
                0x0000000020003c10                . = ALIGN (0x8)
 *fill*         0x0000000020003c0c        0x4 
                [!provide]                        PROVIDE (end = .)
                0x0000000020003c10                PROVIDE (_end = .)
                0x0000000020003e10                . = (. + _Min_Heap_Size)
 *fill*         0x0000000020003c10      0x200 
                0x0000000020004210                . = (. + _Min_Stack_Size)
 *fill*         0x0000000020003e10      0x400 
                0x0000000020004210                . = ALIGN (0x8)

/DISCARD/
 libc.a(*)
 libm.a(*)
 libgcc.a(*)

.ARM.attributes
                0x0000000000000000       0x30
 *(.ARM.attributes)
 .ARM.attributes
                0x0000000000000000       0x1e c:/st/stm32cubeide_1.12.1/stm32cubeide/plugins/com.st.stm32cube.ide.mcu.externaltools.gnu-tools-for-stm32.10.3-2021.10.win32_1.0.200.202301161003/tools/bin/../lib/gcc/arm-none-eabi/10.3.1/thumb/v7e-m+fp/hard/crti.o
 .ARM.attributes
                0x000000000000001e       0x34 c:/st/stm32cubeide_1.12.1/stm32cubeide/plugins/com.st.stm32cube.ide.mcu.externaltools.gnu-tools-for-stm32.10.3-2021.10.win32_1.0.200.202301161003/tools/bin/../lib/gcc/arm-none-eabi/10.3.1/thumb/v7e-m+fp/hard/crtbegin.o
 .ARM.attributes
                0x0000000000000052       0x34 ./Core/Src/main.o
 .ARM.attributes
                0x0000000000000086       0x34 ./Core/Src/stm32l4xx_hal_msp.o
 .ARM.attributes
                0x00000000000000ba       0x34 ./Core/Src/stm32l4xx_hal_timebase_tim.o
 .ARM.attributes
                0x00000000000000ee       0x34 ./Core/Src/stm32l4xx_it.o
 .ARM.attributes
                0x0000000000000122       0x34 ./Core/Src/system_stm32l4xx.o
 .ARM.attributes
                0x0000000000000156       0x21 ./Core/Startup/startup_stm32l486zgtx.o
 .ARM.attributes
                0x0000000000000177       0x34 ./Drivers/STM32L4xx_HAL_Driver/Src/stm32l4xx_hal.o
 .ARM.attributes
                0x00000000000001ab       0x34 ./Drivers/STM32L4xx_HAL_Driver/Src/stm32l4xx_hal_cortex.o
 .ARM.attributes
                0x00000000000001df       0x34 ./Drivers/STM32L4xx_HAL_Driver/Src/stm32l4xx_hal_dma.o
 .ARM.attributes
                0x0000000000000213       0x34 ./Drivers/STM32L4xx_HAL_Driver/Src/stm32l4xx_hal_gpio.o
 .ARM.attributes
                0x0000000000000247       0x34 ./Drivers/STM32L4xx_HAL_Driver/Src/stm32l4xx_hal_pwr_ex.o
 .ARM.attributes
                0x000000000000027b       0x34 ./Drivers/STM32L4xx_HAL_Driver/Src/stm32l4xx_hal_rcc.o
 .ARM.attributes
                0x00000000000002af       0x34 ./Drivers/STM32L4xx_HAL_Driver/Src/stm32l4xx_hal_rcc_ex.o
 .ARM.attributes
                0x00000000000002e3       0x34 ./Drivers/STM32L4xx_HAL_Driver/Src/stm32l4xx_hal_sd.o
 .ARM.attributes
                0x0000000000000317       0x34 ./Drivers/STM32L4xx_HAL_Driver/Src/stm32l4xx_hal_tim.o
 .ARM.attributes
                0x000000000000034b       0x34 ./Drivers/STM32L4xx_HAL_Driver/Src/stm32l4xx_hal_tim_ex.o
 .ARM.attributes
                0x000000000000037f       0x34 ./Drivers/STM32L4xx_HAL_Driver/Src/stm32l4xx_ll_sdmmc.o
 .ARM.attributes
                0x00000000000003b3       0x34 ./FATFS/App/fatfs.o
 .ARM.attributes
                0x00000000000003e7       0x34 ./FATFS/Target/bsp_driver_sd.o
 .ARM.attributes
                0x000000000000041b       0x34 ./FATFS/Target/sd_diskio.o
 .ARM.attributes
                0x000000000000044f       0x34 ./Middlewares/Third_Party/FatFs/src/diskio.o
 .ARM.attributes
                0x0000000000000483       0x34 ./Middlewares/Third_Party/FatFs/src/ff.o
 .ARM.attributes
                0x00000000000004b7       0x34 ./Middlewares/Third_Party/FatFs/src/ff_gen_drv.o
 .ARM.attributes
                0x00000000000004eb       0x34 ./Middlewares/Third_Party/FreeRTOS/Source/CMSIS_RTOS_V2/cmsis_os2.o
 .ARM.attributes
                0x000000000000051f       0x34 ./Middlewares/Third_Party/FreeRTOS/Source/list.o
 .ARM.attributes
                0x0000000000000553       0x34 ./Middlewares/Third_Party/FreeRTOS/Source/queue.o
 .ARM.attributes
                0x0000000000000587       0x34 ./Middlewares/Third_Party/FreeRTOS/Source/tasks.o
 .ARM.attributes
                0x00000000000005bb       0x34 ./Middlewares/Third_Party/FreeRTOS/Source/timers.o
 .ARM.attributes
                0x00000000000005ef       0x34 ./Middlewares/Third_Party/FreeRTOS/Source/portable/GCC/ARM_CM4F/port.o
 .ARM.attributes
                0x0000000000000623       0x34 ./Middlewares/Third_Party/FreeRTOS/Source/portable/MemMang/heap_4.o
 .ARM.attributes
                0x0000000000000657       0x34 c:/st/stm32cubeide_1.12.1/stm32cubeide/plugins/com.st.stm32cube.ide.mcu.externaltools.gnu-tools-for-stm32.10.3-2021.10.win32_1.0.200.202301161003/tools/bin/../lib/gcc/arm-none-eabi/10.3.1/../../../../arm-none-eabi/lib/thumb/v7e-m+fp/hard\libc_nano.a(lib_a-init.o)
 .ARM.attributes
                0x000000000000068b       0x34 c:/st/stm32cubeide_1.12.1/stm32cubeide/plugins/com.st.stm32cube.ide.mcu.externaltools.gnu-tools-for-stm32.10.3-2021.10.win32_1.0.200.202301161003/tools/bin/../lib/gcc/arm-none-eabi/10.3.1/../../../../arm-none-eabi/lib/thumb/v7e-m+fp/hard\libc_nano.a(lib_a-memcpy-stub.o)
 .ARM.attributes
                0x00000000000006bf       0x34 c:/st/stm32cubeide_1.12.1/stm32cubeide/plugins/com.st.stm32cube.ide.mcu.externaltools.gnu-tools-for-stm32.10.3-2021.10.win32_1.0.200.202301161003/tools/bin/../lib/gcc/arm-none-eabi/10.3.1/../../../../arm-none-eabi/lib/thumb/v7e-m+fp/hard\libc_nano.a(lib_a-memset.o)
 .ARM.attributes
                0x00000000000006f3       0x1e c:/st/stm32cubeide_1.12.1/stm32cubeide/plugins/com.st.stm32cube.ide.mcu.externaltools.gnu-tools-for-stm32.10.3-2021.10.win32_1.0.200.202301161003/tools/bin/../lib/gcc/arm-none-eabi/10.3.1/thumb/v7e-m+fp/hard/crtn.o
OUTPUT(testRTOS_SD.elf elf32-littlearm)
LOAD linker stubs
LOAD c:/st/stm32cubeide_1.12.1/stm32cubeide/plugins/com.st.stm32cube.ide.mcu.externaltools.gnu-tools-for-stm32.10.3-2021.10.win32_1.0.200.202301161003/tools/bin/../lib/gcc/arm-none-eabi/10.3.1/../../../../arm-none-eabi/lib/thumb/v7e-m+fp/hard\libc.a
LOAD c:/st/stm32cubeide_1.12.1/stm32cubeide/plugins/com.st.stm32cube.ide.mcu.externaltools.gnu-tools-for-stm32.10.3-2021.10.win32_1.0.200.202301161003/tools/bin/../lib/gcc/arm-none-eabi/10.3.1/../../../../arm-none-eabi/lib/thumb/v7e-m+fp/hard\libm.a
LOAD c:/st/stm32cubeide_1.12.1/stm32cubeide/plugins/com.st.stm32cube.ide.mcu.externaltools.gnu-tools-for-stm32.10.3-2021.10.win32_1.0.200.202301161003/tools/bin/../lib/gcc/arm-none-eabi/10.3.1/thumb/v7e-m+fp/hard\libgcc.a

.debug_info     0x0000000000000000    0x1ee83
 .debug_info    0x0000000000000000     0x197a ./Core/Src/main.o
 .debug_info    0x000000000000197a     0x1042 ./Core/Src/stm32l4xx_hal_msp.o
 .debug_info    0x00000000000029bc      0xce5 ./Core/Src/stm32l4xx_hal_timebase_tim.o
 .debug_info    0x00000000000036a1      0xb7e ./Core/Src/stm32l4xx_it.o
 .debug_info    0x000000000000421f      0x5c6 ./Core/Src/system_stm32l4xx.o
 .debug_info    0x00000000000047e5       0x22 ./Core/Startup/startup_stm32l486zgtx.o
 .debug_info    0x0000000000004807      0xb3b ./Drivers/STM32L4xx_HAL_Driver/Src/stm32l4xx_hal.o
 .debug_info    0x0000000000005342      0xe27 ./Drivers/STM32L4xx_HAL_Driver/Src/stm32l4xx_hal_cortex.o
 .debug_info    0x0000000000006169      0x76a ./Drivers/STM32L4xx_HAL_Driver/Src/stm32l4xx_hal_dma.o
 .debug_info    0x00000000000068d3      0x821 ./Drivers/STM32L4xx_HAL_Driver/Src/stm32l4xx_hal_gpio.o
 .debug_info    0x00000000000070f4      0x9ca ./Drivers/STM32L4xx_HAL_Driver/Src/stm32l4xx_hal_pwr_ex.o
 .debug_info    0x0000000000007abe      0xced ./Drivers/STM32L4xx_HAL_Driver/Src/stm32l4xx_hal_rcc.o
 .debug_info    0x00000000000087ab      0xe92 ./Drivers/STM32L4xx_HAL_Driver/Src/stm32l4xx_hal_rcc_ex.o
 .debug_info    0x000000000000963d     0x1cff ./Drivers/STM32L4xx_HAL_Driver/Src/stm32l4xx_hal_sd.o
 .debug_info    0x000000000000b33c     0x2d04 ./Drivers/STM32L4xx_HAL_Driver/Src/stm32l4xx_hal_tim.o
 .debug_info    0x000000000000e040     0x17eb ./Drivers/STM32L4xx_HAL_Driver/Src/stm32l4xx_hal_tim_ex.o
 .debug_info    0x000000000000f82b     0x125c ./Drivers/STM32L4xx_HAL_Driver/Src/stm32l4xx_ll_sdmmc.o
 .debug_info    0x0000000000010a87      0x51f ./FATFS/App/fatfs.o
 .debug_info    0x0000000000010fa6      0xe95 ./FATFS/Target/bsp_driver_sd.o
 .debug_info    0x0000000000011e3b      0x59f ./FATFS/Target/sd_diskio.o
 .debug_info    0x00000000000123da      0x412 ./Middlewares/Third_Party/FatFs/src/diskio.o
 .debug_info    0x00000000000127ec     0x2422 ./Middlewares/Third_Party/FatFs/src/ff.o
 .debug_info    0x0000000000014c0e      0x3c1 ./Middlewares/Third_Party/FatFs/src/ff_gen_drv.o
 .debug_info    0x0000000000014fcf     0x3c3e ./Middlewares/Third_Party/FreeRTOS/Source/CMSIS_RTOS_V2/cmsis_os2.o
 .debug_info    0x0000000000018c0d      0x2d1 ./Middlewares/Third_Party/FreeRTOS/Source/list.o
 .debug_info    0x0000000000018ede     0x1cbf ./Middlewares/Third_Party/FreeRTOS/Source/queue.o
 .debug_info    0x000000000001ab9d     0x2362 ./Middlewares/Third_Party/FreeRTOS/Source/tasks.o
 .debug_info    0x000000000001ceff     0x1572 ./Middlewares/Third_Party/FreeRTOS/Source/timers.o
 .debug_info    0x000000000001e471      0x507 ./Middlewares/Third_Party/FreeRTOS/Source/portable/GCC/ARM_CM4F/port.o
 .debug_info    0x000000000001e978      0x50b ./Middlewares/Third_Party/FreeRTOS/Source/portable/MemMang/heap_4.o

.debug_abbrev   0x0000000000000000     0x4408
 .debug_abbrev  0x0000000000000000      0x342 ./Core/Src/main.o
 .debug_abbrev  0x0000000000000342      0x1e1 ./Core/Src/stm32l4xx_hal_msp.o
 .debug_abbrev  0x0000000000000523      0x1e6 ./Core/Src/stm32l4xx_hal_timebase_tim.o
 .debug_abbrev  0x0000000000000709      0x1e6 ./Core/Src/stm32l4xx_it.o
 .debug_abbrev  0x00000000000008ef      0x116 ./Core/Src/system_stm32l4xx.o
 .debug_abbrev  0x0000000000000a05       0x12 ./Core/Startup/startup_stm32l486zgtx.o
 .debug_abbrev  0x0000000000000a17      0x23a ./Drivers/STM32L4xx_HAL_Driver/Src/stm32l4xx_hal.o
 .debug_abbrev  0x0000000000000c51      0x316 ./Drivers/STM32L4xx_HAL_Driver/Src/stm32l4xx_hal_cortex.o
 .debug_abbrev  0x0000000000000f67      0x1d7 ./Drivers/STM32L4xx_HAL_Driver/Src/stm32l4xx_hal_dma.o
 .debug_abbrev  0x000000000000113e      0x1bb ./Drivers/STM32L4xx_HAL_Driver/Src/stm32l4xx_hal_gpio.o
 .debug_abbrev  0x00000000000012f9      0x1f3 ./Drivers/STM32L4xx_HAL_Driver/Src/stm32l4xx_hal_pwr_ex.o
 .debug_abbrev  0x00000000000014ec      0x2bd ./Drivers/STM32L4xx_HAL_Driver/Src/stm32l4xx_hal_rcc.o
 .debug_abbrev  0x00000000000017a9      0x299 ./Drivers/STM32L4xx_HAL_Driver/Src/stm32l4xx_hal_rcc_ex.o
 .debug_abbrev  0x0000000000001a42      0x288 ./Drivers/STM32L4xx_HAL_Driver/Src/stm32l4xx_hal_sd.o
 .debug_abbrev  0x0000000000001cca      0x264 ./Drivers/STM32L4xx_HAL_Driver/Src/stm32l4xx_hal_tim.o
 .debug_abbrev  0x0000000000001f2e      0x26c ./Drivers/STM32L4xx_HAL_Driver/Src/stm32l4xx_hal_tim_ex.o
 .debug_abbrev  0x000000000000219a      0x1ea ./Drivers/STM32L4xx_HAL_Driver/Src/stm32l4xx_ll_sdmmc.o
 .debug_abbrev  0x0000000000002384      0x15a ./FATFS/App/fatfs.o
 .debug_abbrev  0x00000000000024de      0x2be ./FATFS/Target/bsp_driver_sd.o
 .debug_abbrev  0x000000000000279c      0x234 ./FATFS/Target/sd_diskio.o
 .debug_abbrev  0x00000000000029d0      0x178 ./Middlewares/Third_Party/FatFs/src/diskio.o
 .debug_abbrev  0x0000000000002b48      0x269 ./Middlewares/Third_Party/FatFs/src/ff.o
 .debug_abbrev  0x0000000000002db1      0x196 ./Middlewares/Third_Party/FatFs/src/ff_gen_drv.o
 .debug_abbrev  0x0000000000002f47      0x500 ./Middlewares/Third_Party/FreeRTOS/Source/CMSIS_RTOS_V2/cmsis_os2.o
 .debug_abbrev  0x0000000000003447       0xf2 ./Middlewares/Third_Party/FreeRTOS/Source/list.o
 .debug_abbrev  0x0000000000003539      0x3a1 ./Middlewares/Third_Party/FreeRTOS/Source/queue.o
 .debug_abbrev  0x00000000000038da      0x37d ./Middlewares/Third_Party/FreeRTOS/Source/tasks.o
 .debug_abbrev  0x0000000000003c57      0x346 ./Middlewares/Third_Party/FreeRTOS/Source/timers.o
 .debug_abbrev  0x0000000000003f9d      0x259 ./Middlewares/Third_Party/FreeRTOS/Source/portable/GCC/ARM_CM4F/port.o
 .debug_abbrev  0x00000000000041f6      0x212 ./Middlewares/Third_Party/FreeRTOS/Source/portable/MemMang/heap_4.o

.debug_aranges  0x0000000000000000     0x1b68
 .debug_aranges
                0x0000000000000000       0x58 ./Core/Src/main.o
 .debug_aranges
                0x0000000000000058       0x30 ./Core/Src/stm32l4xx_hal_msp.o
 .debug_aranges
                0x0000000000000088       0x30 ./Core/Src/stm32l4xx_hal_timebase_tim.o
 .debug_aranges
                0x00000000000000b8       0x60 ./Core/Src/stm32l4xx_it.o
 .debug_aranges
                0x0000000000000118       0x28 ./Core/Src/system_stm32l4xx.o
 .debug_aranges
                0x0000000000000140       0x28 ./Core/Startup/startup_stm32l486zgtx.o
 .debug_aranges
                0x0000000000000168      0x130 ./Drivers/STM32L4xx_HAL_Driver/Src/stm32l4xx_hal.o
 .debug_aranges
                0x0000000000000298      0x118 ./Drivers/STM32L4xx_HAL_Driver/Src/stm32l4xx_hal_cortex.o
 .debug_aranges
                0x00000000000003b0       0x80 ./Drivers/STM32L4xx_HAL_Driver/Src/stm32l4xx_hal_dma.o
 .debug_aranges
                0x0000000000000430       0x58 ./Drivers/STM32L4xx_HAL_Driver/Src/stm32l4xx_hal_gpio.o
 .debug_aranges
                0x0000000000000488      0x150 ./Drivers/STM32L4xx_HAL_Driver/Src/stm32l4xx_hal_pwr_ex.o
 .debug_aranges
                0x00000000000005d8       0x90 ./Drivers/STM32L4xx_HAL_Driver/Src/stm32l4xx_hal_rcc.o
 .debug_aranges
                0x0000000000000668       0xc0 ./Drivers/STM32L4xx_HAL_Driver/Src/stm32l4xx_hal_rcc_ex.o
 .debug_aranges
                0x0000000000000728      0x168 ./Drivers/STM32L4xx_HAL_Driver/Src/stm32l4xx_hal_sd.o
 .debug_aranges
                0x0000000000000890      0x3e0 ./Drivers/STM32L4xx_HAL_Driver/Src/stm32l4xx_hal_tim.o
 .debug_aranges
                0x0000000000000c70      0x180 ./Drivers/STM32L4xx_HAL_Driver/Src/stm32l4xx_hal_tim_ex.o
 .debug_aranges
                0x0000000000000df0      0x190 ./Drivers/STM32L4xx_HAL_Driver/Src/stm32l4xx_ll_sdmmc.o
 .debug_aranges
                0x0000000000000f80       0x28 ./FATFS/App/fatfs.o
 .debug_aranges
                0x0000000000000fa8       0xb8 ./FATFS/Target/bsp_driver_sd.o
 .debug_aranges
                0x0000000000001060       0x60 ./FATFS/Target/sd_diskio.o
 .debug_aranges
                0x00000000000010c0       0x48 ./Middlewares/Third_Party/FatFs/src/diskio.o
 .debug_aranges
                0x0000000000001108      0x208 ./Middlewares/Third_Party/FatFs/src/ff.o
 .debug_aranges
                0x0000000000001310       0x40 ./Middlewares/Third_Party/FatFs/src/ff_gen_drv.o
 .debug_aranges
                0x0000000000001350      0x2b0 ./Middlewares/Third_Party/FreeRTOS/Source/CMSIS_RTOS_V2/cmsis_os2.o
 .debug_aranges
                0x0000000000001600       0x40 ./Middlewares/Third_Party/FreeRTOS/Source/list.o
 .debug_aranges
                0x0000000000001640      0x158 ./Middlewares/Third_Party/FreeRTOS/Source/queue.o
 .debug_aranges
                0x0000000000001798      0x208 ./Middlewares/Third_Party/FreeRTOS/Source/tasks.o
 .debug_aranges
                0x00000000000019a0       0xf0 ./Middlewares/Third_Party/FreeRTOS/Source/timers.o
 .debug_aranges
                0x0000000000001a90       0x80 ./Middlewares/Third_Party/FreeRTOS/Source/portable/GCC/ARM_CM4F/port.o
 .debug_aranges
                0x0000000000001b10       0x58 ./Middlewares/Third_Party/FreeRTOS/Source/portable/MemMang/heap_4.o

.debug_ranges   0x0000000000000000     0x1990
 .debug_ranges  0x0000000000000000       0x48 ./Core/Src/main.o
 .debug_ranges  0x0000000000000048       0x20 ./Core/Src/stm32l4xx_hal_msp.o
 .debug_ranges  0x0000000000000068       0x20 ./Core/Src/stm32l4xx_hal_timebase_tim.o
 .debug_ranges  0x0000000000000088       0x50 ./Core/Src/stm32l4xx_it.o
 .debug_ranges  0x00000000000000d8       0x18 ./Core/Src/system_stm32l4xx.o
 .debug_ranges  0x00000000000000f0       0x20 ./Core/Startup/startup_stm32l486zgtx.o
 .debug_ranges  0x0000000000000110      0x120 ./Drivers/STM32L4xx_HAL_Driver/Src/stm32l4xx_hal.o
 .debug_ranges  0x0000000000000230      0x108 ./Drivers/STM32L4xx_HAL_Driver/Src/stm32l4xx_hal_cortex.o
 .debug_ranges  0x0000000000000338       0x70 ./Drivers/STM32L4xx_HAL_Driver/Src/stm32l4xx_hal_dma.o
 .debug_ranges  0x00000000000003a8       0x48 ./Drivers/STM32L4xx_HAL_Driver/Src/stm32l4xx_hal_gpio.o
 .debug_ranges  0x00000000000003f0      0x140 ./Drivers/STM32L4xx_HAL_Driver/Src/stm32l4xx_hal_pwr_ex.o
 .debug_ranges  0x0000000000000530       0x80 ./Drivers/STM32L4xx_HAL_Driver/Src/stm32l4xx_hal_rcc.o
 .debug_ranges  0x00000000000005b0       0xb0 ./Drivers/STM32L4xx_HAL_Driver/Src/stm32l4xx_hal_rcc_ex.o
 .debug_ranges  0x0000000000000660      0x158 ./Drivers/STM32L4xx_HAL_Driver/Src/stm32l4xx_hal_sd.o
 .debug_ranges  0x00000000000007b8      0x3d0 ./Drivers/STM32L4xx_HAL_Driver/Src/stm32l4xx_hal_tim.o
 .debug_ranges  0x0000000000000b88      0x170 ./Drivers/STM32L4xx_HAL_Driver/Src/stm32l4xx_hal_tim_ex.o
 .debug_ranges  0x0000000000000cf8      0x180 ./Drivers/STM32L4xx_HAL_Driver/Src/stm32l4xx_ll_sdmmc.o
 .debug_ranges  0x0000000000000e78       0x18 ./FATFS/App/fatfs.o
 .debug_ranges  0x0000000000000e90       0xa8 ./FATFS/Target/bsp_driver_sd.o
 .debug_ranges  0x0000000000000f38       0x50 ./FATFS/Target/sd_diskio.o
 .debug_ranges  0x0000000000000f88       0x38 ./Middlewares/Third_Party/FatFs/src/diskio.o
 .debug_ranges  0x0000000000000fc0      0x1f8 ./Middlewares/Third_Party/FatFs/src/ff.o
 .debug_ranges  0x00000000000011b8       0x30 ./Middlewares/Third_Party/FatFs/src/ff_gen_drv.o
 .debug_ranges  0x00000000000011e8      0x2a0 ./Middlewares/Third_Party/FreeRTOS/Source/CMSIS_RTOS_V2/cmsis_os2.o
 .debug_ranges  0x0000000000001488       0x30 ./Middlewares/Third_Party/FreeRTOS/Source/list.o
 .debug_ranges  0x00000000000014b8      0x148 ./Middlewares/Third_Party/FreeRTOS/Source/queue.o
 .debug_ranges  0x0000000000001600      0x1f8 ./Middlewares/Third_Party/FreeRTOS/Source/tasks.o
 .debug_ranges  0x00000000000017f8       0xe0 ./Middlewares/Third_Party/FreeRTOS/Source/timers.o
 .debug_ranges  0x00000000000018d8       0x70 ./Middlewares/Third_Party/FreeRTOS/Source/portable/GCC/ARM_CM4F/port.o
 .debug_ranges  0x0000000000001948       0x48 ./Middlewares/Third_Party/FreeRTOS/Source/portable/MemMang/heap_4.o

.debug_macro    0x0000000000000000     0x5833
 .debug_macro   0x0000000000000000      0x3a6 ./Core/Src/main.o
 .debug_macro   0x00000000000003a6      0x169 ./Core/Src/main.o
 .debug_macro   0x000000000000050f       0x66 ./Core/Src/main.o
 .debug_macro   0x0000000000000575       0x74 ./Core/Src/main.o
 .debug_macro   0x00000000000005e9       0xdd ./Core/Src/main.o
 .debug_macro   0x00000000000006c6       0x46 ./Core/Src/main.o
 .debug_macro   0x000000000000070c       0xe5 ./Core/Src/main.o