../FATFS/Target/bsp_driver_sd.c:50:16:BSP_SD_Init	16	static
../FATFS/Target/bsp_driver_sd.c:81:16:BSP_SD_ITConfig	4	static
../FATFS/Target/bsp_driver_sd.c:101:16:BSP_SD_ReadBlocks	40	static
../FATFS/Target/bsp_driver_sd.c:124:16:BSP_SD_WriteBlocks	40	static
../FATFS/Target/bsp_driver_sd.c:161:9:BSP_SD_ReadBlocks_DMA	32	static
../FATFS/Target/bsp_driver_sd.c:185:9:BSP_SD_WriteBlocks_DMA	32	static
../FATFS/Target/bsp_driver_sd.c:220:16:BSP_SD_Erase	24	static
../FATFS/Target/bsp_driver_sd.c:244:16:BSP_SD_GetCardState	8	static
../FATFS/Target/bsp_driver_sd.c:254:13:BSP_SD_GetCardInfo	16	static
../FATFS/Target/bsp_driver_sd.c:268:6:HAL_SD_AbortCallback	16	static
../FATFS/Target/bsp_driver_sd.c:278:6:HAL_SD_TxCpltCallback	16	static
../FATFS/Target/bsp_driver_sd.c:288:6:HAL_SD_RxCpltCallback	16	static
../FATFS/Target/bsp_driver_sd.c:299:13:BSP_SD_AbortCallback	4	static
../FATFS/Target/bsp_driver_sd.c:309:13:BSP_SD_WriteCpltCallback	4	static
../FATFS/Target/bsp_driver_sd.c:319:13:BSP_SD_ReadCpltCallback	4	static
../FATFS/Target/bsp_driver_sd.c:331:16:BSP_SD_IsDetected	16	static
../FATFS/Target/bsp_driver_sd.c:343:6:BSP_SD_DMA_Tx_IRQHandler	8	static
../FATFS/Target/bsp_driver_sd.c:352:6:BSP_SD_DMA_Rx_IRQHandler	8	static
../FATFS/Target/bsp_driver_sd.c:365:26:SD_DMAConfigRx	24	static
../FATFS/Target/bsp_driver_sd.c:405:26:SD_DMAConfigTx	24	static
